Component: ARM Compiler 6.16 Tool: armlink [5dfeaa00]

==============================================================================

Section Cross References

    main.o(.text.vApplicationGetTimerTaskMemory) refers to main.o(.bss.vApplicationGetTimerTaskMemory.xTimerTaskTCB) for vApplicationGetTimerTaskMemory.xTimerTaskTCB
    main.o(.text.vApplicationGetTimerTaskMemory) refers to main.o(.bss.vApplicationGetTimerTaskMemory.uxTimerTaskStack) for vApplicationGetTimerTaskMemory.uxTimerTaskStack
    main.o(.ARM.exidx.text.vApplicationGetTimerTaskMemory) refers to main.o(.text.vApplicationGetTimerTaskMemory) for [Anonymous Symbol]
    main.o(.text.vApplicationGetIdleTaskMemory) refers to main.o(.bss.vApplicationGetIdleTaskMemory.xIdleTaskTCB) for vApplicationGetIdleTaskMemory.xIdleTaskTCB
    main.o(.text.vApplicationGetIdleTaskMemory) refers to main.o(.bss.vApplicationGetIdleTaskMemory.uxIdleTaskStack) for vApplicationGetIdleTaskMemory.uxIdleTaskStack
    main.o(.ARM.exidx.text.vApplicationGetIdleTaskMemory) refers to main.o(.text.vApplicationGetIdleTaskMemory) for [Anonymous Symbol]
    main.o(.text.func_2) refers to main.o(.bss.device_temp) for device_temp
    main.o(.text.func_2) refers to main.o(.bss.room) for room
    main.o(.text.func_2) refers to main.o(.bss.process_queue) for process_queue
    main.o(.text.func_2) refers to main.o(.bss.temp_event) for temp_event
    main.o(.text.func_2) refers to adc.o(.text.adc_get_temp_ss) for adc_get_temp_ss
    main.o(.text.func_2) refers to adc.o(.text.adc_get_pa0) for adc_get_pa0
    main.o(.text.func_2) refers to ds18b20.o(.text.DS18B20_ReadTemp) for DS18B20_ReadTemp
    main.o(.text.func_2) refers to queue.o(.text.xQueueGenericSend) for xQueueGenericSend
    main.o(.text.func_2) refers to tasks.o(.text.vTaskDelay) for vTaskDelay
    main.o(.text.func_2) refers to event_groups.o(.text.xEventGroupSetBits) for xEventGroupSetBits
    main.o(.ARM.exidx.text.func_2) refers to main.o(.text.func_2) for [Anonymous Symbol]
    main.o(.text.func_3) refers to main.o(.bss.temp_average) for temp_average
    main.o(.text.func_3) refers to main.o(.bss.cur_temp) for cur_temp
    main.o(.text.func_3) refers to main.o(.bss.uart_lock) for uart_lock
    main.o(.text.func_3) refers to main.o(.bss.process_queue) for process_queue
    main.o(.text.func_3) refers to main.o(.bss.room) for room
    main.o(.text.func_3) refers to main.o(.bss.mq2_value) for mq2_value
    main.o(.text.func_3) refers to queue.o(.text.xQueueGenericSend) for xQueueGenericSend
    main.o(.text.func_3) refers to main.o(.bss.temp_event) for temp_event
    main.o(.text.func_3) refers to event_groups.o(.text.xEventGroupSync) for xEventGroupSync
    main.o(.text.func_3) refers to queue.o(.text.xQueueSemaphoreTake) for xQueueSemaphoreTake
    main.o(.text.func_3) refers to queue.o(.text.xQueueReceive) for xQueueReceive
    main.o(.text.func_3) refers to queue.o(.text.uxQueueMessagesWaiting) for uxQueueMessagesWaiting
    main.o(.text.func_3) refers to faddsub_clz.o(x$fpl$fadd) for __aeabi_fadd
    main.o(.text.func_3) refers to fdiv.o(x$fpl$fdiv) for __aeabi_fdiv
    main.o(.text.func_3) refers to led.o(.text.led_control) for led_control
    main.o(.text.func_3) refers to fcmp.o(x$fpl$fcmp) for __aeabi_fcmple
    main.o(.text.func_3) refers to main.o(.rodata.str1.1) for .L.str
    main.o(.text.func_3) refers to uart.o(.text.uart2_printf) for uart2_printf
    main.o(.text.func_3) refers to uart.o(.text.uart_printf) for uart_printf
    main.o(.ARM.exidx.text.func_3) refers to main.o(.text.func_3) for [Anonymous Symbol]
    main.o(.text.func_4) refers to main.o(.bss.uart_lock) for uart_lock
    main.o(.text.func_4) refers to queue.o(.text.xQueueSemaphoreTake) for xQueueSemaphoreTake
    main.o(.text.func_4) refers to uart.o(.text.uart2_printf) for uart2_printf
    main.o(.text.func_4) refers to queue.o(.text.xQueueGenericSend) for xQueueGenericSend
    main.o(.text.func_4) refers to tasks.o(.text.vTaskDelay) for vTaskDelay
    main.o(.ARM.exidx.text.func_4) refers to main.o(.text.func_4) for [Anonymous Symbol]
    main.o(.text.vMinuteTimerCallback) refers to uart.o(.text.uart2_printf) for uart2_printf
    main.o(.text.vMinuteTimerCallback) refers to main.o(.bss.cur_temp) for cur_temp
    main.o(.text.vMinuteTimerCallback) refers to main.o(.bss.temp_average) for temp_average
    main.o(.text.vMinuteTimerCallback) refers to f2d.o(x$fpl$f2d) for __aeabi_f2d
    main.o(.text.vMinuteTimerCallback) refers to faddsub_clz.o(x$fpl$fadd) for __aeabi_fadd
    main.o(.text.vMinuteTimerCallback) refers to fcmp.o(x$fpl$fcmp) for __aeabi_fcmpeq
    main.o(.text.vMinuteTimerCallback) refers to main.o(.rodata.str1.1) for .L.str.1
    main.o(.text.vMinuteTimerCallback) refers to uart.o(.text.uart_printf) for uart_printf
    main.o(.text.vMinuteTimerCallback) refers to led.o(.text.led_control) for led_control
    main.o(.ARM.exidx.text.vMinuteTimerCallback) refers to main.o(.text.vMinuteTimerCallback) for [Anonymous Symbol]
[...]
    __fp_init_empty                          0x00000000   Number         0  fpinit_empty.o ABSOLUTE
    _printf_flags                            0x00000000   Number         0  printf_stubs.o ABSOLUTE
    _printf_return_value                     0x00000000   Number         0  printf_stubs.o ABSOLUTE
    _printf_sizespec                         0x00000000   Number         0  printf_stubs.o ABSOLUTE
    _printf_widthprec                        0x00000000   Number         0  printf_stubs.o ABSOLUTE
    __ARM_exceptions_init                     - Undefined Weak Reference
    __alloca_initialize                       - Undefined Weak Reference
    __arm_preinit_                            - Undefined Weak Reference
    __cpp_initialize__aeabi_                  - Undefined Weak Reference
    __cxa_finalize                            - Undefined Weak Reference
    __sigvec_lookup                           - Undefined Weak Reference
    _atexit_init                              - Undefined Weak Reference
    _call_atexit_fns                          - Undefined Weak Reference
    _clock_init                               - Undefined Weak Reference
    _fp_trap_init                             - Undefined Weak Reference
    _fp_trap_shutdown                         - Undefined Weak Reference
    _get_lc_collate                           - Undefined Weak Reference
    _get_lc_monetary                          - Undefined Weak Reference
    _get_lc_time                              - Undefined Weak Reference
    _getenv_init                              - Undefined Weak Reference
    _handle_redirection                       - Undefined Weak Reference
    _init_alloc                               - Undefined Weak Reference
    _init_user_alloc                          - Undefined Weak Reference
    _initio                                   - Undefined Weak Reference
    _printf_mbtowc                            - Undefined Weak Reference
    _printf_wc                                - Undefined Weak Reference
    _rand_init                                - Undefined Weak Reference
    _signal_finish                            - Undefined Weak Reference
    _signal_init                              - Undefined Weak Reference
    _terminate_alloc                          - Undefined Weak Reference
    _terminate_user_alloc                     - Undefined Weak Reference
    _terminateio                              - Undefined Weak Reference
    __Vectors_Size                           0x000000ec   Number         0  startup_stm32f10x_md.o ABSOLUTE
    __Vectors                                0x08000000   Data           4  startup_stm32f10x_md.o(RESET)
    __Vectors_End                            0x080000ec   Data           0  startup_stm32f10x_md.o(RESET)
    __main                                   0x080000ed   Thumb Code     8  __main.o(!!!main)
    __scatterload                            0x080000f5   Thumb Code     0  __scatter.o(!!!scatter)
    __scatterload_rt2                        0x080000f5   Thumb Code    44  __scatter.o(!!!scatter)
    __scatterload_rt2_thumb_only             0x080000f5   Thumb Code     0  __scatter.o(!!!scatter)
    __scatterload_null                       0x08000103   Thumb Code     0  __scatter.o(!!!scatter)
    __scatterload_copy                       0x08000129   Thumb Code    26  __scatter_copy.o(!!handler_copy)
    __scatterload_zeroinit                   0x08000145   Thumb Code    28  __scatter_zi.o(!!handler_zi)
    _printf_n                                0x08000161   Thumb Code     0  _printf_n.o(.ARM.Collect$$_printf_percent$$00000001)
    _printf_percent                          0x08000161   Thumb Code     0  _printf_percent.o(.ARM.Collect$$_printf_percent$$00000000)
    _printf_p                                0x08000167   Thumb Code     0  _printf_p.o(.ARM.Collect$$_printf_percent$$00000002)
    _printf_f                                0x0800016d   Thumb Code     0  _printf_f.o(.ARM.Collect$$_printf_percent$$00000003)
    _printf_e                                0x08000173   Thumb Code     0  _printf_e.o(.ARM.Collect$$_printf_percent$$00000004)
    _printf_g                                0x08000179   Thumb Code     0  _printf_g.o(.ARM.Collect$$_printf_percent$$00000005)
    _printf_a                                0x0800017f   Thumb Code     0  _printf_a.o(.ARM.Collect$$_printf_percent$$00000006)
    _printf_ll                               0x08000185   Thumb Code     0  _printf_ll.o(.ARM.Collect$$_printf_percent$$00000007)
    _printf_i                                0x0800018f   Thumb Code     0  _printf_i.o(.ARM.Collect$$_printf_percent$$00000008)
    _printf_d                                0x08000195   Thumb Code     0  _printf_d.o(.ARM.Collect$$_printf_percent$$00000009)
    _printf_u                                0x0800019b   Thumb Code     0  _printf_u.o(.ARM.Collect$$_printf_percent$$0000000A)
    _printf_o                                0x080001a1   Thumb Code     0  _printf_o.o(.ARM.Collect$$_printf_percent$$0000000B)
    _printf_x                                0x080001a7   Thumb Code     0  _printf_x.o(.ARM.Collect$$_printf_percent$$0000000C)
    _printf_lli                              0x080001ad   Thumb Code     0  _printf_lli.o(.ARM.Collect$$_printf_percent$$0000000D)
    _printf_lld                              0x080001b3   Thumb Code     0  _printf_lld.o(.ARM.Collect$$_printf_percent$$0000000E)
    _printf_llu                              0x080001b9   Thumb Code     0  _printf_llu.o(.ARM.Collect$$_printf_percent$$0000000F)
    _printf_llo                              0x080001bf   Thumb Code     0  _printf_llo.o(.ARM.Collect$$_printf_percent$$00000010)
    _printf_llx                              0x080001c5   Thumb Code     0  _printf_llx.o(.ARM.Collect$$_printf_percent$$00000011)
    _printf_l                                0x080001cb   Thumb Code     0  _printf_l.o(.ARM.Collect$$_printf_percent$$00000012)
    _printf_c                                0x080001d5   Thumb Code     0  _printf_c.o(.ARM.Collect$$_printf_percent$$00000013)
    _printf_s                                0x080001db   Thumb Code     0  _printf_s.o(.ARM.Collect$$_printf_percent$$00000014)
    _printf_lc                               0x080001e1   Thumb Code     0  _printf_lc.o(.ARM.Collect$$_printf_percent$$00000015)
    _printf_ls                               0x080001e7   Thumb Code     0  _printf_ls.o(.ARM.Collect$$_printf_percent$$00000016)
    _printf_percent_end                      0x080001ed   Thumb Code     0  _printf_percent_end.o(.ARM.Collect$$_printf_percent$$00000017)
    __rt_lib_init                            0x080001f1   Thumb Code     0  libinit.o(.ARM.Collect$$libinit$$00000000)
    __rt_lib_init_fp_1                       0x080001f3   Thumb Code     0  libinit2.o(.ARM.Collect$$libinit$$00000002)
    __rt_lib_init_heap_1                     0x080001f3   Thumb Code     0  libinit2.o(.ARM.Collect$$libinit$$0000000A)
    __rt_lib_init_lc_common                  0x080001f3   Thumb Code     0  libinit2.o(.ARM.Collect$$libinit$$0000000F)
    __rt_lib_init_preinit_1                  0x080001f3   Thumb Code     0  libinit2.o(.ARM.Collect$$libinit$$00000004)
    __rt_lib_init_rand_1                     0x080001f3   Thumb Code     0  libinit2.o(.ARM.Collect$$libinit$$0000000E)
    __rt_lib_init_user_alloc_1               0x080001f3   Thumb Code     0  libinit2.o(.ARM.Collect$$libinit$$0000000C)
    __rt_lib_init_lc_collate_1               0x080001f9   Thumb Code     0  libinit2.o(.ARM.Collect$$libinit$$00000011)
    __rt_lib_init_lc_ctype_2                 0x080001f9   Thumb Code     0  libinit2.o(.ARM.Collect$$libinit$$00000012)
    __rt_lib_init_lc_ctype_1                 0x08000205   Thumb Code     0  libinit2.o(.ARM.Collect$$libinit$$00000013)
    __rt_lib_init_lc_monetary_1              0x08000205   Thumb Code     0  libinit2.o(.ARM.Collect$$libinit$$00000015)
    __rt_lib_init_lc_numeric_2               0x08000205   Thumb Code     0  libinit2.o(.ARM.Collect$$libinit$$00000016)
    __rt_lib_init_alloca_1                   0x0800020f   Thumb Code     0  libinit2.o(.ARM.Collect$$libinit$$0000002E)
    __rt_lib_init_argv_1                     0x0800020f   Thumb Code     0  libinit2.o(.ARM.Collect$$libinit$$0000002C)
    __rt_lib_init_atexit_1                   0x0800020f   Thumb Code     0  libinit2.o(.ARM.Collect$$libinit$$0000001B)
    __rt_lib_init_clock_1                    0x0800020f   Thumb Code     0  libinit2.o(.ARM.Collect$$libinit$$00000021)
    __rt_lib_init_cpp_1                      0x0800020f   Thumb Code     0  libinit2.o(.ARM.Collect$$libinit$$00000032)
    __rt_lib_init_exceptions_1               0x0800020f   Thumb Code     0  libinit2.o(.ARM.Collect$$libinit$$00000030)
    __rt_lib_init_fp_trap_1                  0x0800020f   Thumb Code     0  libinit2.o(.ARM.Collect$$libinit$$0000001F)
    __rt_lib_init_getenv_1                   0x0800020f   Thumb Code     0  libinit2.o(.ARM.Collect$$libinit$$00000023)
    __rt_lib_init_lc_numeric_1               0x0800020f   Thumb Code     0  libinit2.o(.ARM.Collect$$libinit$$00000017)
    __rt_lib_init_lc_time_1                  0x0800020f   Thumb Code     0  libinit2.o(.ARM.Collect$$libinit$$00000019)
    __rt_lib_init_return                     0x0800020f   Thumb Code     0  libinit2.o(.ARM.Collect$$libinit$$00000033)
    __rt_lib_init_signal_1                   0x0800020f   Thumb Code     0  libinit2.o(.ARM.Collect$$libinit$$0000001D)
    __rt_lib_init_stdio_1                    0x0800020f   Thumb Code     0  libinit2.o(.ARM.Collect$$libinit$$00000025)
    __rt_lib_shutdown                        0x08000211   Thumb Code     0  libshutdown.o(.ARM.Collect$$libshutdown$$00000000)
    __rt_lib_shutdown_cpp_1                  0x08000213   Thumb Code     0  libshutdown2.o(.ARM.Collect$$libshutdown$$00000002)
    __rt_lib_shutdown_fp_trap_1              0x08000213   Thumb Code     0  libshutdown2.o(.ARM.Collect$$libshutdown$$00000007)
    __rt_lib_shutdown_heap_1                 0x08000213   Thumb Code     0  libshutdown2.o(.ARM.Collect$$libshutdown$$0000000F)
    __rt_lib_shutdown_return                 0x08000213   Thumb Code     0  libshutdown2.o(.ARM.Collect$$libshutdown$$00000010)
    __rt_lib_shutdown_signal_1               0x08000213   Thumb Code     0  libshutdown2.o(.ARM.Collect$$libshutdown$$0000000A)
    __rt_lib_shutdown_stdio_1                0x08000213   Thumb Code     0  libshutdown2.o(.ARM.Collect$$libshutdown$$00000004)
    __rt_lib_shutdown_user_alloc_1           0x08000213   Thumb Code     0  libshutdown2.o(.ARM.Collect$$libshutdown$$0000000C)
    __rt_entry                               0x08000215   Thumb Code     0  __rtentry.o(.ARM.Collect$$rtentry$$00000000)
    __rt_entry_presh_1                       0x08000215   Thumb Code     0  __rtentry2.o(.ARM.Collect$$rtentry$$00000002)
    __rt_entry_sh                            0x08000215   Thumb Code     0  __rtentry4.o(.ARM.Collect$$rtentry$$00000004)
    __rt_entry_li                            0x0800021b   Thumb Code     0  __rtentry2.o(.ARM.Collect$$rtentry$$0000000A)
    __rt_entry_postsh_1                      0x0800021b   Thumb Code     0  __rtentry2.o(.ARM.Collect$$rtentry$$00000009)
    __rt_entry_main                          0x0800021f   Thumb Code     0  __rtentry2.o(.ARM.Collect$$rtentry$$0000000D)
    __rt_entry_postli_1                      0x0800021f   Thumb Code     0  __rtentry2.o(.ARM.Collect$$rtentry$$0000000C)
    __rt_exit                                0x08000227   Thumb Code     0  rtexit.o(.ARM.Collect$$rtexit$$00000000)
    __rt_exit_ls                             0x08000229   Thumb Code     0  rtexit2.o(.ARM.Collect$$rtexit$$00000003)
    __rt_exit_prels_1                        0x08000229   Thumb Code     0  rtexit2.o(.ARM.Collect$$rtexit$$00000002)
    __rt_exit_exit                           0x0800022d   Thumb Code     0  rtexit2.o(.ARM.Collect$$rtexit$$00000004)
    Reset_Handler                            0x08000235   Thumb Code     8  startup_stm32f10x_md.o(.text)
    NMI_Handler                              0x0800023d   Thumb Code     2  startup_stm32f10x_md.o(.text)
    HardFault_Handler                        0x0800023f   Thumb Code     2  startup_stm32f10x_md.o(.text)
    MemManage_Handler                        0x08000241   Thumb Code     2  startup_stm32f10x_md.o(.text)
    BusFault_Handler                         0x08000243   Thumb Code     2  startup_stm32f10x_md.o(.text)
    UsageFault_Handler                       0x08000245   Thumb Code     2  startup_stm32f10x_md.o(.text)
    DebugMon_Handler                         0x08000249   Thumb Code     2  startup_stm32f10x_md.o(.text)
    ADC1_2_IRQHandler                        0x0800024f   Thumb Code     0  startup_stm32f10x_md.o(.text)
    CAN1_RX1_IRQHandler                      0x0800024f   Thumb Code     0  startup_stm32f10x_md.o(.text)
    CAN1_SCE_IRQHandler                      0x0800024f   Thumb Code     0  startup_stm32f10x_md.o(.text)
    DMA1_Channel1_IRQHandler                 0x0800024f   Thumb Code     0  startup_stm32f10x_md.o(.text)
    DMA1_Channel2_IRQHandler                 0x0800024f   Thumb Code     0  startup_stm32f10x_md.o(.text)
    DMA1_Channel3_IRQHandler                 0x0800024f   Thumb Code     0  startup_stm32f10x_md.o(.text)
    DMA1_Channel4_IRQHandler                 0x0800024f   Thumb Code     0  startup_stm32f10x_md.o(.text)
    DMA1_Channel5_IRQHandler                 0x0800024f   Thumb Code     0  startup_stm32f10x_md.o(.text)
    DMA1_Channel6_IRQHandler                 0x0800024f   Thumb Code     0  startup_stm32f10x_md.o(.text)
    DMA1_Channel7_IRQHandler                 0x0800024f   Thumb Code     0  startup_stm32f10x_md.o(.text)
    EXTI0_IRQHandler                         0x0800024f   Thumb Code     0  startup_stm32f10x_md.o(.text)
    EXTI15_10_IRQHandler                     0x0800024f   Thumb Code     0  startup_stm32f10x_md.o(.text)
    EXTI1_IRQHandler                         0x0800024f   Thumb Code     0  startup_stm32f10x_md.o(.text)
    EXTI2_IRQHandler                         0x0800024f   Thumb Code     0  startup_stm32f10x_md.o(.text)
    EXTI3_IRQHandler                         0x0800024f   Thumb Code     0  startup_stm32f10x_md.o(.text)
    EXTI4_IRQHandler                         0x0800024f   Thumb Code     0  startup_stm32f10x_md.o(.text)
    EXTI9_5_IRQHandler                       0x0800024f   Thumb Code     0  startup_stm32f10x_md.o(.text)
    FLASH_IRQHandler                         0x0800024f   Thumb Code     0  startup_stm32f10x_md.o(.text)
    I2C1_ER_IRQHandler                       0x0800024f   Thumb Code     0  startup_stm32f10x_md.o(.text)
    I2C1_EV_IRQHandler                       0x0800024f   Thumb Code     0  startup_stm32f10x_md.o(.text)
    I2C2_ER_IRQHandler                       0x0800024f   Thumb Code     0  startup_stm32f10x_md.o(.text)
    I2C2_EV_IRQHandler                       0x0800024f   Thumb Code     0  startup_stm32f10x_md.o(.text)
    PVD_IRQHandler                           0x0800024f   Thumb Code     0  startup_stm32f10x_md.o(.text)
    RCC_IRQHandler                           0x0800024f   Thumb Code     0  startup_stm32f10x_md.o(.text)
    RTCAlarm_IRQHandler                      0x0800024f   Thumb Code     0  startup_stm32f10x_md.o(.text)
    RTC_IRQHandler                           0x0800024f   Thumb Code     0  startup_stm32f10x_md.o(.text)
    SPI1_IRQHandler                          0x0800024f   Thumb Code     0  startup_stm32f10x_md.o(.text)
    SPI2_IRQHandler                          0x0800024f   Thumb Code     0  startup_stm32f10x_md.o(.text)
    TAMPER_IRQHandler                        0x0800024f   Thumb Code     0  startup_stm32f10x_md.o(.text)
    TIM1_BRK_IRQHandler                      0x0800024f   Thumb Code     0  startup_stm32f10x_md.o(.text)
    TIM1_CC_IRQHandler                       0x0800024f   Thumb Code     0  startup_stm32f10x_md.o(.text)
    TIM1_TRG_COM_IRQHandler                  0x0800024f   Thumb Code     0  startup_stm32f10x_md.o(.text)
    TIM1_UP_IRQHandler                       0x0800024f   Thumb Code     0  startup_stm32f10x_md.o(.text)
    TIM3_IRQHandler                          0x0800024f   Thumb Code     0  startup_stm32f10x_md.o(.text)
    TIM4_IRQHandler                          0x0800024f   Thumb Code     0  startup_stm32f10x_md.o(.text)
    USART3_IRQHandler                        0x0800024f   Thumb Code     0  startup_stm32f10x_md.o(.text)
    USBWakeUp_IRQHandler                     0x0800024f   Thumb Code     0  startup_stm32f10x_md.o(.text)
    USB_HP_CAN1_TX_IRQHandler                0x0800024f   Thumb Code     0  startup_stm32f10x_md.o(.text)
    USB_LP_CAN1_RX0_IRQHandler               0x0800024f   Thumb Code     0  startup_stm32f10x_md.o(.text)
    WWDG_IRQHandler                          0x0800024f   Thumb Code     0  startup_stm32f10x_md.o(.text)
    __user_initial_stackheap                 0x08000251   Thumb Code     0  startup_stm32f10x_md.o(.text)
    vsprintf                                 0x08000275   Thumb Code    32  vsprintf.o(.text)
    strlen                                   0x08000299   Thumb Code    62  strlen.o(.text)
    __aeabi_memcpy                           0x080002d7   Thumb Code     0  rt_memcpy_v6.o(.text)
    __rt_memcpy                              0x080002d7   Thumb Code   138  rt_memcpy_v6.o(.text)
    _memcpy_lastbytes                        0x0800033d   Thumb Code     0  rt_memcpy_v6.o(.text)
    __aeabi_memset4                          0x08000361   Thumb Code    16  aeabi_memset4.o(.text)
    __aeabi_memset8                          0x08000361   Thumb Code     0  aeabi_memset4.o(.text)
    __aeabi_memclr                           0x08000371   Thumb Code     0  rt_memclr.o(.text)
    __rt_memclr                              0x08000371   Thumb Code     0  rt_memclr.o(.text)
    _memset                                  0x08000375   Thumb Code    64  rt_memclr.o(.text)
    __aeabi_memclr4                          0x080003b5   Thumb Code     0  rt_memclr_w.o(.text)
    __aeabi_memclr8                          0x080003b5   Thumb Code     0  rt_memclr_w.o(.text)
    __rt_memclr_w                            0x080003b5   Thumb Code     0  rt_memclr_w.o(.text)
    _memset_w                                0x080003b9   Thumb Code    74  rt_memclr_w.o(.text)
    __use_two_region_memory                  0x08000403   Thumb Code     2  heapauxi.o(.text)
    __rt_heap_escrow$2region                 0x08000405   Thumb Code     2  heapauxi.o(.text)
    __rt_heap_expand$2region                 0x08000407   Thumb Code     2  heapauxi.o(.text)
    _printf_pre_padding                      0x08000409   Thumb Code    44  _printf_pad.o(.text)
    _printf_post_padding                     0x08000435   Thumb Code    34  _printf_pad.o(.text)
    _printf_truncate_signed                  0x08000457   Thumb Code    18  _printf_truncate.o(.text)
    _printf_truncate_unsigned                0x08000469   Thumb Code    18  _printf_truncate.o(.text)
    _printf_str                              0x0800047b   Thumb Code    82  _printf_str.o(.text)
    _printf_int_dec                          0x080004cd   Thumb Code   104  _printf_dec.o(.text)
    _printf_charcount                        0x08000545   Thumb Code    40  _printf_charcount.o(.text)
    _printf_char_common                      0x08000577   Thumb Code    32  _printf_char_common.o(.text)
    _sputc                                   0x0800059d   Thumb Code    10  _sputc.o(.text)
    _printf_wctomb                           0x080005a9   Thumb Code   182  _printf_wctomb.o(.text)
    _printf_longlong_dec                     0x08000665   Thumb Code   108  _printf_longlong_dec.o(.text)
    _printf_longlong_oct                     0x080006e1   Thumb Code    68  _printf_oct_int_ll.o(.text)
    _printf_int_oct                          0x08000725   Thumb Code    24  _printf_oct_int_ll.o(.text)
    _printf_ll_oct                           0x0800073d   Thumb Code    12  _printf_oct_int_ll.o(.text)
    _printf_longlong_hex                     0x08000751   Thumb Code    86  _printf_hex_int_ll_ptr.o(.text)
    _printf_int_hex                          0x080007a7   Thumb Code    28  _printf_hex_int_ll_ptr.o(.text)
    _printf_ll_hex                           0x080007c3   Thumb Code    12  _printf_hex_int_ll_ptr.o(.text)
    _printf_hex_ptr                          0x080007cf   Thumb Code    18  _printf_hex_int_ll_ptr.o(.text)
    __printf                                 0x080007e5   Thumb Code   388  __printf_flags_ss_wp.o(.text)
    __aeabi_memcpy4                          0x0800096d   Thumb Code     0  rt_memcpy_w.o(.text)
    __aeabi_memcpy8                          0x0800096d   Thumb Code     0  rt_memcpy_w.o(.text)
    __rt_memcpy_w                            0x0800096d   Thumb Code   100  rt_memcpy_w.o(.text)
    _memcpy_lastbytes_aligned                0x080009b5   Thumb Code     0  rt_memcpy_w.o(.text)
    _ll_udiv10                               0x080009d1   Thumb Code   138  lludiv10.o(.text)
    _printf_int_common                       0x08000a5b   Thumb Code   178  _printf_intcommon.o(.text)
    _printf_fp_dec_real                      0x08000cbd   Thumb Code   620  _printf_fp_dec.o(.text)
    _printf_fp_hex_real                      0x08000f29   Thumb Code   756  _printf_fp_hex.o(.text)
    _printf_cs_common                        0x08001225   Thumb Code    20  _printf_char.o(.text)
    _printf_char                             0x08001239   Thumb Code    16  _printf_char.o(.text)
    _printf_string                           0x08001249   Thumb Code     8  _printf_char.o(.text)
    _printf_lcs_common                       0x08001251   Thumb Code    20  _printf_wchar.o(.text)
    _printf_wchar                            0x08001265   Thumb Code    16  _printf_wchar.o(.text)
    _printf_wstring                          0x08001275   Thumb Code     8  _printf_wchar.o(.text)
    _c16rtomb                                0x0800127d   Thumb Code    72  _c16rtomb.o(.text)
    _wcrtomb                                 0x0800127d   Thumb Code     0  _c16rtomb.o(.text)
    __user_setup_stackheap                   0x080012c5   Thumb Code    74  sys_stackheap_outer.o(.text)
    __rt_ctype_table                         0x08001311   Thumb Code    16  rt_ctype_table.o(.text)
    __rt_locale                              0x08001321   Thumb Code     8  rt_locale_intlibspace.o(.text)
    _printf_fp_infnan                        0x08001329   Thumb Code   112  _printf_fp_infnan.o(.text)
    _btod_etento                             0x080013a9   Thumb Code   224  bigflt0.o(.text)
    exit                                     0x0800148d   Thumb Code    18  exit.o(.text)
    __user_libspace                          0x080014a1   Thumb Code     8  libspace.o(.text)
    __user_perproc_libspace                  0x080014a1   Thumb Code     0  libspace.o(.text)
    __user_perthread_libspace                0x080014a1   Thumb Code     0  libspace.o(.text)
    strcmp                                   0x080014a9   Thumb Code   128  strcmpv7m.o(.text)
    _sys_exit                                0x08001529   Thumb Code     8  sys_exit.o(.text)
    __I$use$semihosting                      0x08001535   Thumb Code     0  use_no_semi.o(.text)
    __use_no_semihosting_swi                 0x08001535   Thumb Code     2  use_no_semi.o(.text)
    __semihosting_library_function           0x08001537   Thumb Code     0  indicate_semi.o(.text)
    DS18B20_Read                             0x08001539   Thumb Code    80  ds18b20.o(.text.DS18B20_Read)
    DS18B20_ReadTemp                         0x08001589   Thumb Code    88  ds18b20.o(.text.DS18B20_ReadTemp)
    DS18B20_Start                            0x080015e1   Thumb Code    62  ds18b20.o(.text.DS18B20_Start)
    DS18B20_Write                            0x08001621   Thumb Code    76  ds18b20.o(.text.DS18B20_Write)
    PendSV_Handler                           0x08001671   Thumb Code    68  port.o(.text.PendSV_Handler)
    SVC_Handler                              0x080016c1   Thumb Code    36  port.o(.text.SVC_Handler)
    Set_Pin_Input                            0x080017ad   Thumb Code    50  ds18b20.o(.text.Set_Pin_Input)
    Set_Pin_Output                           0x080017e1   Thumb Code    42  ds18b20.o(.text.Set_Pin_Output)
    SysTick_Handler                          0x0800180d   Thumb Code    46  port.o(.text.SysTick_Handler)
    SystemInit                               0x0800183d   Thumb Code    86  system_stm32f10x.o(.text.SystemInit)
    TIM2_IRQHandler                          0x08001895   Thumb Code    30  tim2.o(.text.TIM2_IRQHandler)
    UART1_Send_1byte                         0x080018b5   Thumb Code    32  uart.o(.text.UART1_Send_1byte)
    UART1_Send_String                        0x080018d5   Thumb Code    34  uart.o(.text.UART1_Send_String)
    UART1_init                               0x080018f9   Thumb Code   108  uart.o(.text.UART1_init)
    UART2_Send_1byte                         0x08001965   Thumb Code    32  uart.o(.text.UART2_Send_1byte)
    UART2_init                               0x080019a9   Thumb Code   114  uart.o(.text.UART2_init)
    USART1_IRQHandler                        0x08001a1d   Thumb Code     2  uart.o(.text.USART1_IRQHandler)
    USART2_IRQHandler                        0x08001a21   Thumb Code     2  uart.o(.text.USART2_IRQHandler)
    adc_get_pa0                              0x08001a25   Thumb Code    58  adc.o(.text.adc_get_pa0)
    adc_get_temp_ss                          0x08001a61   Thumb Code   148  adc.o(.text.adc_get_temp_ss)
    adc_init                                 0x08001af5   Thumb Code   170  adc.o(.text.adc_init)
    func_2                                   0x08001ba1   Thumb Code    98  main.o(.text.func_2)
    func_3                                   0x08001c05   Thumb Code   332  main.o(.text.func_3)
    led_control                              0x08001d75   Thumb Code    26  led.o(.text.led_control)
    leds_init                                0x08001d91   Thumb Code    42  led.o(.text.leds_init)
    main                                     0x08001dbd   Thumb Code     6  main.o(.text.main)
    pvPortMalloc                             0x08002785   Thumb Code   280  heap_4.o(.text.pvPortMalloc)
    pvTaskIncrementMutexHeldCount            0x0800289d   Thumb Code    24  tasks.o(.text.pvTaskIncrementMutexHeldCount)
    pxPortInitialiseStack                    0x080028b5   Thumb Code    32  port.o(.text.pxPortInitialiseStack)
    setup                                    0x080028d5   Thumb Code   264  main.o(.text.setup)
    tim2_delay                               0x08002a19   Thumb Code    32  tim2.o(.text.tim2_delay)
    tim2_delay_1us                           0x08002a39   Thumb Code    24  tim2.o(.text.tim2_delay_1us)
    tim2_delay_us                            0x08002a51   Thumb Code    22  tim2.o(.text.tim2_delay_us)
    tim2_init                                0x08002a69   Thumb Code    68  tim2.o(.text.tim2_init)
    uart2_printf                             0x08002aad   Thumb Code    52  uart.o(.text.uart2_printf)
    uart_printf                              0x08002ae1   Thumb Code    52  uart.o(.text.uart_printf)
    uxListRemove                             0x08002b15   Thumb Code    36  list.o(.text.uxListRemove)
    uxQueueMessagesWaiting                   0x08002b39   Thumb Code    38  queue.o(.text.uxQueueMessagesWaiting)
    uxTaskGetNumberOfTasks                   0x08002b61   Thumb Code    12  tasks.o(.text.uxTaskGetNumberOfTasks)
    uxTaskResetEventItemValue                0x08002b6d   Thumb Code    26  tasks.o(.text.uxTaskResetEventItemValue)
    vApplicationGetIdleTaskMemory            0x08002b89   Thumb Code    26  main.o(.text.vApplicationGetIdleTaskMemory)
    vApplicationGetTimerTaskMemory           0x08002ba5   Thumb Code    28  main.o(.text.vApplicationGetTimerTaskMemory)
    vListInitialise                          0x08002bc1   Thumb Code    22  list.o(.text.vListInitialise)
    vListInitialiseItem                      0x08002bd9   Thumb Code     6  list.o(.text.vListInitialiseItem)
    vListInsert                              0x08002be1   Thumb Code    58  list.o(.text.vListInsert)
    vMinuteTimerCallback                     0x08002c1d   Thumb Code   144  main.o(.text.vMinuteTimerCallback)
    vPortEnterCritical                       0x08002cf1   Thumb Code    70  port.o(.text.vPortEnterCritical)
    vPortExitCritical                        0x08002d39   Thumb Code    46  port.o(.text.vPortExitCritical)
    vPortFree                                0x08002d69   Thumb Code   122  heap_4.o(.text.vPortFree)
    vPortSetupTimerInterrupt                 0x08002de5   Thumb Code    30  port.o(.text.vPortSetupTimerInterrupt)
    vPortValidateInterruptPriority           0x08002e05   Thumb Code    98  port.o(.text.vPortValidateInterruptPriority)
    vQueueAddToRegistry                      0x08002e69   Thumb Code    94  queue.o(.text.vQueueAddToRegistry)
    vQueueWaitForMessageRestricted           0x08002ec9   Thumb Code    68  queue.o(.text.vQueueWaitForMessageRestricted)
    vTaskDelay                               0x08002f0d   Thumb Code    84  tasks.o(.text.vTaskDelay)
    vTaskInternalSetTimeOutState             0x08002f61   Thumb Code    26  tasks.o(.text.vTaskInternalSetTimeOutState)
    vTaskMissedYield                         0x08002f7d   Thumb Code    14  tasks.o(.text.vTaskMissedYield)
    vTaskPlaceOnEventList                    0x08002f8d   Thumb Code    50  tasks.o(.text.vTaskPlaceOnEventList)
    vTaskPlaceOnEventListRestricted          0x08002fc1   Thumb Code   110  tasks.o(.text.vTaskPlaceOnEventListRestricted)
    vTaskPlaceOnUnorderedEventList           0x08003031   Thumb Code   138  tasks.o(.text.vTaskPlaceOnUnorderedEventList)
    vTaskPriorityDisinheritAfterTimeout      0x080030bd   Thumb Code   184  tasks.o(.text.vTaskPriorityDisinheritAfterTimeout)
    vTaskRemoveFromUnorderedEventList        0x08003175   Thumb Code   242  tasks.o(.text.vTaskRemoveFromUnorderedEventList)
    vTaskStartScheduler                      0x08003269   Thumb Code   168  tasks.o(.text.vTaskStartScheduler)
    vTaskSuspendAll                          0x08003319   Thumb Code    16  tasks.o(.text.vTaskSuspendAll)
    vTaskSwitchContext                       0x08003329   Thumb Code   154  tasks.o(.text.vTaskSwitchContext)
    vThirtySecondTimerCallback               0x080033c5   Thumb Code    96  main.o(.text.vThirtySecondTimerCallback)
    xEventGroupCreate                        0x0800345d   Thumb Code    28  event_groups.o(.text.xEventGroupCreate)
    xEventGroupSetBits                       0x08003479   Thumb Code   158  event_groups.o(.text.xEventGroupSetBits)
    xEventGroupSync                          0x08003519   Thumb Code   220  event_groups.o(.text.xEventGroupSync)
    xPortStartScheduler                      0x080035f5   Thumb Code   186  port.o(.text.xPortStartScheduler)
    xQueueCreateMutex                        0x080036b1   Thumb Code    22  queue.o(.text.xQueueCreateMutex)
    xQueueGenericCreate                      0x080036c9   Thumb Code    90  queue.o(.text.xQueueGenericCreate)
    xQueueGenericCreateStatic                0x08003725   Thumb Code   110  queue.o(.text.xQueueGenericCreateStatic)
    xQueueGenericReset                       0x08003795   Thumb Code   178  queue.o(.text.xQueueGenericReset)
    xQueueGenericSend                        0x08003849   Thumb Code   418  queue.o(.text.xQueueGenericSend)
    xQueueGenericSendFromISR                 0x080039ed   Thumb Code   282  queue.o(.text.xQueueGenericSendFromISR)
    xQueueReceive                            0x08003b09   Thumb Code   388  queue.o(.text.xQueueReceive)
    xQueueSemaphoreTake                      0x08003c8d   Thumb Code   426  queue.o(.text.xQueueSemaphoreTake)
    xTaskCheckForTimeOut                     0x08003e39   Thumb Code   140  tasks.o(.text.xTaskCheckForTimeOut)
    xTaskCreate                              0x08003ec5   Thumb Code   108  tasks.o(.text.xTaskCreate)
    xTaskCreateStatic                        0x08003f31   Thumb Code   158  tasks.o(.text.xTaskCreateStatic)
    xTaskGetSchedulerState                   0x08003fd1   Thumb Code    38  tasks.o(.text.xTaskGetSchedulerState)
    xTaskGetTickCount                        0x08003ff9   Thumb Code    12  tasks.o(.text.xTaskGetTickCount)
    xTaskIncrementTick                       0x08004005   Thumb Code   422  tasks.o(.text.xTaskIncrementTick)
    xTaskPriorityDisinherit                  0x080041ad   Thumb Code   166  tasks.o(.text.xTaskPriorityDisinherit)
    xTaskPriorityInherit                     0x08004255   Thumb Code   166  tasks.o(.text.xTaskPriorityInherit)
    xTaskRemoveFromEventList                 0x080042fd   Thumb Code   238  tasks.o(.text.xTaskRemoveFromEventList)
    xTaskResumeAll                           0x080043ed   Thumb Code   364  tasks.o(.text.xTaskResumeAll)
    xTimerCreate                             0x08004559   Thumb Code    56  timers.o(.text.xTimerCreate)
    xTimerCreateTimerTask                    0x08004591   Thumb Code   108  timers.o(.text.xTimerCreateTimerTask)
    xTimerGenericCommand                     0x08004605   Thumb Code   104  timers.o(.text.xTimerGenericCommand)
    _btod_d2e                                0x0800466d   Thumb Code    62  btod.o(CL$$btod_d2e)
    _d2e_denorm_low                          0x080046ab   Thumb Code    70  btod.o(CL$$btod_d2e_denorm_low)
    _d2e_norm_op1                            0x080046f1   Thumb Code    96  btod.o(CL$$btod_d2e_norm_op1)
    __btod_div_common                        0x08004751   Thumb Code   696  btod.o(CL$$btod_div_common)
    _e2e                                     0x08004a89   Thumb Code   220  btod.o(CL$$btod_e2e)
    _btod_ediv                               0x08004b65   Thumb Code    42  btod.o(CL$$btod_ediv)
    _btod_emul                               0x08004b8f   Thumb Code    42  btod.o(CL$$btod_emul)
    __btod_mult_common                       0x08004bb9   Thumb Code   580  btod.o(CL$$btod_mult_common)
    __ARM_fpclassify                         0x08004dfd   Thumb Code    40  fpclassify.o(i.__ARM_fpclassify)
    _is_digit                                0x08004e25   Thumb Code    14  __printf_wp.o(i._is_digit)
    _get_lc_numeric                          0x08004e35   Thumb Code    44  lc_numeric_c.o(locale$$code)
    _get_lc_ctype                            0x08004e61   Thumb Code    44  lc_ctype_c.o(locale$$code)
    __aeabi_d2f                              0x08004e8d   Thumb Code     0  d2f.o(x$fpl$d2f)
    _d2f                                     0x08004e8d   Thumb Code    98  d2f.o(x$fpl$d2f)
    __aeabi_dadd                             0x08004ef1   Thumb Code     0  daddsub_clz.o(x$fpl$dadd)
    _dadd                                    0x08004ef1   Thumb Code   332  daddsub_clz.o(x$fpl$dadd)
    __aeabi_ddiv                             0x08005041   Thumb Code     0  ddiv.o(x$fpl$ddiv)
    _ddiv                                    0x08005041   Thumb Code   556  ddiv.o(x$fpl$ddiv)
    __aeabi_i2d                              0x080052f5   Thumb Code     0  dflt_clz.o(x$fpl$dflt)
    _dflt                                    0x080052f5   Thumb Code    46  dflt_clz.o(x$fpl$dflt)
    __aeabi_dmul                             0x08005325   Thumb Code     0  dmul.o(x$fpl$dmul)
    _dmul                                    0x08005325   Thumb Code   332  dmul.o(x$fpl$dmul)
    __fpl_dnaninf                            0x08005479   Thumb Code   156  dnaninf.o(x$fpl$dnaninf)
    __fpl_dretinf                            0x08005515   Thumb Code    12  dretinf.o(x$fpl$dretinf)
    __aeabi_dsub                             0x08005521   Thumb Code     0  daddsub_clz.o(x$fpl$dsub)
    _dsub                                    0x08005521   Thumb Code   472  daddsub_clz.o(x$fpl$dsub)
    __aeabi_f2d                              0x080056fd   Thumb Code     0  f2d.o(x$fpl$f2d)
    _f2d                                     0x080056fd   Thumb Code    86  f2d.o(x$fpl$f2d)
    __aeabi_fadd                             0x08005755   Thumb Code     0  faddsub_clz.o(x$fpl$fadd)
    _fadd                                    0x08005755   Thumb Code   196  faddsub_clz.o(x$fpl$fadd)
    __aeabi_fcmpeq                           0x08005819   Thumb Code     0  fcmp.o(x$fpl$fcmp)
    _feq                                     0x08005819   Thumb Code    14  fcmp.o(x$fpl$fcmp)
    _fneq                                    0x08005827   Thumb Code    14  fcmp.o(x$fpl$fcmp)
    __aeabi_fcmpgt                           0x08005835   Thumb Code     0  fcmp.o(x$fpl$fcmp)
    _fgr                                     0x08005835   Thumb Code    14  fcmp.o(x$fpl$fcmp)
    __aeabi_fcmpge                           0x08005843   Thumb Code     0  fcmp.o(x$fpl$fcmp)
    _fgeq                                    0x08005843   Thumb Code    14  fcmp.o(x$fpl$fcmp)
    __aeabi_fcmple                           0x08005851   Thumb Code     0  fcmp.o(x$fpl$fcmp)
    _fleq                                    0x08005851   Thumb Code    14  fcmp.o(x$fpl$fcmp)
    __aeabi_fcmplt                           0x0800585f   Thumb Code     0  fcmp.o(x$fpl$fcmp)
    _fls                                     0x0800585f   Thumb Code    14  fcmp.o(x$fpl$fcmp)
    __fpl_fcmp_Inf                           0x0800586d   Thumb Code    24  fcmpi.o(x$fpl$fcmpinf)
    __aeabi_fdiv                             0x08005885   Thumb Code     0  fdiv.o(x$fpl$fdiv)
    _fdiv                                    0x08005885   Thumb Code   384  fdiv.o(x$fpl$fdiv)
    __aeabi_cfcmpeq                          0x08005a09   Thumb Code     0  feqf.o(x$fpl$feqf)
    _fcmpeq                                  0x08005a09   Thumb Code   104  feqf.o(x$fpl$feqf)
    _fcmpge                                  0x08005a71   Thumb Code   104  fgeqf.o(x$fpl$fgeqf)
    __aeabi_cfcmple                          0x08005ad9   Thumb Code     0  fleqf.o(x$fpl$fleqf)
    _fcmple                                  0x08005ad9   Thumb Code   104  fleqf.o(x$fpl$fleqf)
    __fpl_fcmple_InfNaN                      0x08005b2b   Thumb Code     0  fleqf.o(x$fpl$fleqf)
    __fpl_fnaninf                            0x08005b41   Thumb Code   140  fnaninf.o(x$fpl$fnaninf)
    __fpl_fretinf                            0x08005bcd   Thumb Code    10  fretinf.o(x$fpl$fretinf)
    __aeabi_fsub                             0x08005bd9   Thumb Code     0  faddsub_clz.o(x$fpl$fsub)
    _fsub                                    0x08005bd9   Thumb Code   234  faddsub_clz.o(x$fpl$fsub)
    _printf_fp_dec                           0x08005cc3   Thumb Code     4  printf1.o(x$fpl$printf1)
    _printf_fp_hex                           0x08005cc7   Thumb Code     4  printf2.o(x$fpl$printf2)
    __I$use$fp                               0x08005cca   Number         0  usenofp.o(x$fpl$usenofp)
    uxTopUsedPriority                        0x08005e18   Data           4  tasks.o(.rodata.uxTopUsedPriority)
    Region$$Table$$Base                      0x08005e1c   Number         0  anon$$obj.o(Region$$Table)
    Region$$Table$$Limit                     0x08005e3c   Number         0  anon$$obj.o(Region$$Table)
    __ctype                                  0x08005e65   Data           0  lc_ctype_c.o(locale$$data)
    __libspace_start                         0x20000008   Data          96  libspace.o(.bss)
    __temporary_stack_top$libspace           0x20000068   Data           0  libspace.o(.bss)
    cur_temp                                 0x20000068   Data           4  main.o(.bss.cur_temp)
    device_temp                              0x2000006c   Data           4  main.o(.bss.device_temp)
    mq2_value                                0x20000070   Data           4  main.o(.bss.mq2_value)
    process_queue                            0x20000074   Data           4  main.o(.bss.process_queue)
    pxCurrentTCB                             0x2000016c   Data           4  tasks.o(.bss.pxCurrentTCB)
    room                                     0x200005e4   Data           8  main.o(.bss.room)
    task_2                                   0x200005ec   Data           4  main.o(.bss.task_2)
    task_3                                   0x200005f0   Data           4  main.o(.bss.task_3)
    temp_average                             0x200005f4   Data           4  main.o(.bss.temp_average)
    temp_event                               0x200005f8   Data           4  main.o(.bss.temp_event)
    uart_lock                                0x20000600   Data           4  main.o(.bss.uart_lock)
    xMinuteTimer                             0x20003534   Data           4  main.o(.bss.xMinuteTimer)
    xQueueRegistry                           0x20003560   Data          64  queue.o(.bss.xQueueRegistry)
    xThirtySecondTimer                       0x200035d4   Data           4  main.o(.bss.xThirtySecondTimer)



==============================================================================

Memory Map of the image

  Image Entry point : 0x08000235

  Load Region LR_1 (Base: 0x08000000, Size: 0x00005f6c, Max: 0xffffffff, ABSOLUTE)

    Execution Region ER_RO (Exec base: 0x08000000, Load base: 0x08000000, Size: 0x00005f68, Max: 0xffffffff, ABSOLUTE)

    Exec Addr    Load Addr    Size         Type   Attr      Idx    E Section Name        Object

    0x08000000   0x08000000   0x000000ec   Data   RO          653    RESET               startup_stm32f10x_md.o
    0x080000ec   0x080000ec   0x00000008   Code   RO          696  * !!!main             c_w.l(__main.o)
    0x080000f4   0x080000f4   0x00000034   Code   RO         1083    !!!scatter          c_w.l(__scatter.o)
    0x08000128   0x08000128   0x0000001a   Code   RO         1085    !!handler_copy      c_w.l(__scatter_copy.o)
    0x08000142   0x08000142   0x00000002   PAD
    0x08000144   0x08000144   0x0000001c   Code   RO         1087    !!handler_zi        c_w.l(__scatter_zi.o)
    0x08000160   0x08000160   0x00000000   Code   RO          814    .ARM.Collect$$_printf_percent$$00000000  c_w.l(_printf_percent.o)
    0x08000160   0x08000160   0x00000006   Code   RO          803    .ARM.Collect$$_printf_percent$$00000001  c_w.l(_printf_n.o)
    0x08000166   0x08000166   0x00000006   Code   RO          805    .ARM.Collect$$_printf_percent$$00000002  c_w.l(_printf_p.o)
    0x0800016c   0x0800016c   0x00000006   Code   RO          810    .ARM.Collect$$_printf_percent$$00000003  c_w.l(_printf_f.o)
    0x08000172   0x08000172   0x00000006   Code   RO          811    .ARM.Collect$$_printf_percent$$00000004  c_w.l(_printf_e.o)
    0x08000178   0x08000178   0x00000006   Code   RO          812    .ARM.Collect$$_printf_percent$$00000005  c_w.l(_printf_g.o)
    0x0800017e   0x0800017e   0x00000006   Code   RO          813    .ARM.Collect$$_printf_percent$$00000006  c_w.l(_printf_a.o)
    0x08000184   0x08000184   0x0000000a   Code   RO          818    .ARM.Collect$$_printf_percent$$00000007  c_w.l(_printf_ll.o)
    0x0800018e   0x0800018e   0x00000006   Code   RO          807    .ARM.Collect$$_printf_percent$$00000008  c_w.l(_printf_i.o)
    0x08000194   0x08000194   0x00000006   Code   RO          808    .ARM.Collect$$_printf_percent$$00000009  c_w.l(_printf_d.o)
    0x0800019a   0x0800019a   0x00000006   Code   RO          809    .ARM.Collect$$_printf_percent$$0000000A  c_w.l(_printf_u.o)
    0x080001a0   0x080001a0   0x00000006   Code   RO          806    .ARM.Collect$$_printf_percent$$0000000B  c_w.l(_printf_o.o)
    0x080001a6   0x080001a6   0x00000006   Code   RO          804    .ARM.Collect$$_printf_percent$$0000000C  c_w.l(_printf_x.o)
    0x080001ac   0x080001ac   0x00000006   Code   RO          815    .ARM.Collect$$_printf_percent$$0000000D  c_w.l(_printf_lli.o)
    0x080001b2   0x080001b2   0x00000006   Code   RO          816    .ARM.Collect$$_printf_percent$$0000000E  c_w.l(_printf_lld.o)
    0x080001b8   0x080001b8   0x00000006   Code   RO          817    .ARM.Collect$$_printf_percent$$0000000F  c_w.l(_printf_llu.o)
    0x080001be   0x080001be   0x00000006   Code   RO          822    .ARM.Collect$$_printf_percent$$00000010  c_w.l(_printf_llo.o)
    0x080001c4   0x080001c4   0x00000006   Code   RO          823    .ARM.Collect$$_printf_percent$$00000011  c_w.l(_printf_llx.o)
    0x080001ca   0x080001ca   0x0000000a   Code   RO          819    .ARM.Collect$$_printf_percent$$00000012  c_w.l(_printf_l.o)
    0x080001d4   0x080001d4   0x00000006   Code   RO          801    .ARM.Collect$$_printf_percent$$00000013  c_w.l(_printf_c.o)
    0x080001da   0x080001da   0x00000006   Code   RO          802    .ARM.Collect$$_printf_percent$$00000014  c_w.l(_printf_s.o)
    0x080001e0   0x080001e0   0x00000006   Code   RO          820    .ARM.Collect$$_printf_percent$$00000015  c_w.l(_printf_lc.o)
    0x080001e6   0x080001e6   0x00000006   Code   RO          821    .ARM.Collect$$_printf_percent$$00000016  c_w.l(_printf_ls.o)
    0x080001ec   0x080001ec   0x00000004   Code   RO          881    .ARM.Collect$$_printf_percent$$00000017  c_w.l(_printf_percent_end.o)
    0x080001f0   0x080001f0   0x00000002   Code   RO          934    .ARM.Collect$$libinit$$00000000  c_w.l(libinit.o)
    0x080001f2   0x080001f2   0x00000000   Code   RO          952    .ARM.Collect$$libinit$$00000002  c_w.l(libinit2.o)
    0x080001f2   0x080001f2   0x00000000   Code   RO          954    .ARM.Collect$$libinit$$00000004  c_w.l(libinit2.o)
    0x080001f2   0x080001f2   0x00000000   Code   RO          957    .ARM.Collect$$libinit$$0000000A  c_w.l(libinit2.o)
    0x080001f2   0x080001f2   0x00000000   Code   RO          959    .ARM.Collect$$libinit$$0000000C  c_w.l(libinit2.o)
    0x080001f2   0x080001f2   0x00000000   Code   RO          961    .ARM.Collect$$libinit$$0000000E  c_w.l(libinit2.o)
    0x080001f2   0x080001f2   0x00000006   Code   RO          962    .ARM.Collect$$libinit$$0000000F  c_w.l(libinit2.o)
    0x080001f8   0x080001f8   0x00000000   Code   RO          964    .ARM.Collect$$libinit$$00000011  c_w.l(libinit2.o)
    0x080001f8   0x080001f8   0x0000000c   Code   RO          965    .ARM.Collect$$libinit$$00000012  c_w.l(libinit2.o)
    0x08000204   0x08000204   0x00000000   Code   RO          966    .ARM.Collect$$libinit$$00000013  c_w.l(libinit2.o)
    0x08000204   0x08000204   0x00000000   Code   RO          968    .ARM.Collect$$libinit$$00000015  c_w.l(libinit2.o)
    0x08000204   0x08000204   0x0000000a   Code   RO          969    .ARM.Collect$$libinit$$00000016  c_w.l(libinit2.o)
    0x0800020e   0x0800020e   0x00000000   Code   RO          970    .ARM.Collect$$libinit$$00000017  c_w.l(libinit2.o)
    0x0800020e   0x0800020e   0x00000000   Code   RO          972    .ARM.Collect$$libinit$$00000019  c_w.l(libinit2.o)
    0x0800020e   0x0800020e   0x00000000   Code   RO          974    .ARM.Collect$$libinit$$0000001B  c_w.l(libinit2.o)
    0x0800020e   0x0800020e   0x00000000   Code   RO          976    .ARM.Collect$$libinit$$0000001D  c_w.l(libinit2.o)
    0x0800020e   0x0800020e   0x00000000   Code   RO          978    .ARM.Collect$$libinit$$0000001F  c_w.l(libinit2.o)
    0x0800020e   0x0800020e   0x00000000   Code   RO          980    .ARM.Collect$$libinit$$00000021  c_w.l(libinit2.o)
    0x0800020e   0x0800020e   0x00000000   Code   RO          982    .ARM.Collect$$libinit$$00000023  c_w.l(libinit2.o)
    0x0800020e   0x0800020e   0x00000000   Code   RO          984    .ARM.Collect$$libinit$$00000025  c_w.l(libinit2.o)
    0x0800020e   0x0800020e   0x00000000   Code   RO          988    .ARM.Collect$$libinit$$0000002C  c_w.l(libinit2.o)
    0x0800020e   0x0800020e   0x00000000   Code   RO          990    .ARM.Collect$$libinit$$0000002E  c_w.l(libinit2.o)
    0x0800020e   0x0800020e   0x00000000   Code   RO          992    .ARM.Collect$$libinit$$00000030  c_w.l(libinit2.o)
    0x0800020e   0x0800020e   0x00000000   Code   RO          994    .ARM.Collect$$libinit$$00000032  c_w.l(libinit2.o)
    0x0800020e   0x0800020e   0x00000002   Code   RO          995    .ARM.Collect$$libinit$$00000033  c_w.l(libinit2.o)
    0x08000210   0x08000210   0x00000002   Code   RO         1019    .ARM.Collect$$libshutdown$$00000000  c_w.l(libshutdown.o)
    0x08000212   0x08000212   0x00000000   Code   RO         1034    .ARM.Collect$$libshutdown$$00000002  c_w.l(libshutdown2.o)
    0x08000212   0x08000212   0x00000000   Code   RO         1036    .ARM.Collect$$libshutdown$$00000004  c_w.l(libshutdown2.o)
    0x08000212   0x08000212   0x00000000   Code   RO         1039    .ARM.Collect$$libshutdown$$00000007  c_w.l(libshutdown2.o)
    0x08000212   0x08000212   0x00000000   Code   RO         1042    .ARM.Collect$$libshutdown$$0000000A  c_w.l(libshutdown2.o)
    0x08000212   0x08000212   0x00000000   Code   RO         1044    .ARM.Collect$$libshutdown$$0000000C  c_w.l(libshutdown2.o)
    0x08000212   0x08000212   0x00000000   Code   RO         1047    .ARM.Collect$$libshutdown$$0000000F  c_w.l(libshutdown2.o)
    0x08000212   0x08000212   0x00000002   Code   RO         1048    .ARM.Collect$$libshutdown$$00000010  c_w.l(libshutdown2.o)
    0x08000214   0x08000214   0x00000000   Code   RO          732    .ARM.Collect$$rtentry$$00000000  c_w.l(__rtentry.o)
    0x08000214   0x08000214   0x00000000   Code   RO          850    .ARM.Collect$$rtentry$$00000002  c_w.l(__rtentry2.o)
    0x08000214   0x08000214   0x00000006   Code   RO          862    .ARM.Collect$$rtentry$$00000004  c_w.l(__rtentry4.o)
    0x0800021a   0x0800021a   0x00000000   Code   RO          852    .ARM.Collect$$rtentry$$00000009  c_w.l(__rtentry2.o)
    0x0800021a   0x0800021a   0x00000004   Code   RO          853    .ARM.Collect$$rtentry$$0000000A  c_w.l(__rtentry2.o)
    0x0800021e   0x0800021e   0x00000000   Code   RO          855    .ARM.Collect$$rtentry$$0000000C  c_w.l(__rtentry2.o)
    0x0800021e   0x0800021e   0x00000008   Code   RO          856    .ARM.Collect$$rtentry$$0000000D  c_w.l(__rtentry2.o)
    0x08000226   0x08000226   0x00000002   Code   RO          942    .ARM.Collect$$rtexit$$00000000  c_w.l(rtexit.o)
    0x08000228   0x08000228   0x00000000   Code   RO          997    .ARM.Collect$$rtexit$$00000002  c_w.l(rtexit2.o)
    0x08000228   0x08000228   0x00000004   Code   RO          998    .ARM.Collect$$rtexit$$00000003  c_w.l(rtexit2.o)
    0x0800022c   0x0800022c   0x00000006   Code   RO          999    .ARM.Collect$$rtexit$$00000004  c_w.l(rtexit2.o)
    0x08000232   0x08000232   0x00000002   PAD
    0x08000234   0x08000234   0x00000040   Code   RO          654  * .text               startup_stm32f10x_md.o
    0x08000274   0x08000274   0x00000024   Code   RO          680    .text               c_w.l(vsprintf.o)
    0x08000298   0x08000298   0x0000003e   Code   RO          682    .text               c_w.l(strlen.o)
    0x080002d6   0x080002d6   0x0000008a   Code   RO          684    .text               c_w.l(rt_memcpy_v6.o)
    0x08000360   0x08000360   0x00000010   Code   RO          688    .text               c_w.l(aeabi_memset4.o)
    0x08000370   0x08000370   0x00000044   Code   RO          690    .text               c_w.l(rt_memclr.o)
    0x080003b4   0x080003b4   0x0000004e   Code   RO          692    .text               c_w.l(rt_memclr_w.o)
    0x08000402   0x08000402   0x00000006   Code   RO          694    .text               c_w.l(heapauxi.o)
    0x08000408   0x08000408   0x0000004e   Code   RO          735    .text               c_w.l(_printf_pad.o)
    0x08000456   0x08000456   0x00000024   Code   RO          737    .text               c_w.l(_printf_truncate.o)
    0x0800047a   0x0800047a   0x00000052   Code   RO          739    .text               c_w.l(_printf_str.o)
    0x080004cc   0x080004cc   0x00000078   Code   RO          741    .text               c_w.l(_printf_dec.o)
    0x08000544   0x08000544   0x00000028   Code   RO          743    .text               c_w.l(_printf_charcount.o)
    0x0800056c   0x0800056c   0x00000030   Code   RO          745    .text               c_w.l(_printf_char_common.o)
    0x0800059c   0x0800059c   0x0000000a   Code   RO          747    .text               c_w.l(_sputc.o)
    0x080005a6   0x080005a6   0x00000002   PAD
    0x080005a8   0x080005a8   0x000000bc   Code   RO          749    .text               c_w.l(_printf_wctomb.o)
    0x08000664   0x08000664   0x0000007c   Code   RO          752    .text               c_w.l(_printf_longlong_dec.o)
    0x080006e0   0x080006e0   0x00000070   Code   RO          758    .text               c_w.l(_printf_oct_int_ll.o)
    0x08000750   0x08000750   0x00000094   Code   RO          778    .text               c_w.l(_printf_hex_int_ll_ptr.o)
    0x080007e4   0x080007e4   0x00000188   Code   RO          798    .text               c_w.l(__printf_flags_ss_wp.o)
    0x0800096c   0x0800096c   0x00000064   Code   RO          824    .text               c_w.l(rt_memcpy_w.o)
    0x080009d0   0x080009d0   0x0000008a   Code   RO          864    .text               c_w.l(lludiv10.o)
    0x08000a5a   0x08000a5a   0x000000b2   Code   RO          866    .text               c_w.l(_printf_intcommon.o)
    0x08000b0c   0x08000b0c   0x0000041c   Code   RO          868    .text               c_w.l(_printf_fp_dec.o)
    0x08000f28   0x08000f28   0x000002fc   Code   RO          872    .text               c_w.l(_printf_fp_hex.o)
    0x08001224   0x08001224   0x0000002c   Code   RO          877    .text               c_w.l(_printf_char.o)
    0x08001250   0x08001250   0x0000002c   Code   RO          879    .text               c_w.l(_printf_wchar.o)
    0x0800127c   0x0800127c   0x00000048   Code   RO          882    .text               c_w.l(_c16rtomb.o)
    0x080012c4   0x080012c4   0x0000004a   Code   RO          886    .text               c_w.l(sys_stackheap_outer.o)
    0x0800130e   0x0800130e   0x00000002   PAD
    0x08001310   0x08001310   0x00000010   Code   RO          888    .text               c_w.l(rt_ctype_table.o)
    0x08001320   0x08001320   0x00000008   Code   RO          893    .text               c_w.l(rt_locale_intlibspace.o)
    0x08001328   0x08001328   0x00000080   Code   RO          895    .text               c_w.l(_printf_fp_infnan.o)
    0x080013a8   0x080013a8   0x000000e4   Code   RO          897    .text               c_w.l(bigflt0.o)
    0x0800148c   0x0800148c   0x00000012   Code   RO          927    .text               c_w.l(exit.o)
    0x0800149e   0x0800149e   0x00000002   PAD
    0x080014a0   0x080014a0   0x00000008   Code   RO          939    .text               c_w.l(libspace.o)
    0x080014a8   0x080014a8   0x00000080   Code   RO          949    .text               c_w.l(strcmpv7m.o)
    0x08001528   0x08001528   0x0000000c   Code   RO         1009    .text               c_w.l(sys_exit.o)
    0x08001534   0x08001534   0x00000002   Code   RO         1024    .text               c_w.l(use_no_semi.o)
    0x08001536   0x08001536   0x00000000   Code   RO         1026    .text               c_w.l(indicate_semi.o)
    0x08001536   0x08001536   0x00000002   PAD
    0x08001538   0x08001538   0x00000050   Code   RO          109    .text.DS18B20_Read  ds18b20.o
    0x08001588   0x08001588   0x00000058   Code   RO          111    .text.DS18B20_ReadTemp  ds18b20.o
    0x080015e0   0x080015e0   0x0000003e   Code   RO          101    .text.DS18B20_Start  ds18b20.o
    0x0800161e   0x0800161e   0x00000002   PAD
    0x08001620   0x08001620   0x0000004c   Code   RO          107    .text.DS18B20_Write  ds18b20.o
    0x0800166c   0x0800166c   0x00000004   PAD
    0x08001670   0x08001670   0x00000044   Code   RO          635    .text.PendSV_Handler  port.o
    0x080016b4   0x080016b4   0x0000000c   PAD
    0x080016c0   0x080016c0   0x00000024   Code   RO          621    .text.SVC_Handler   port.o
    0x080016e4   0x080016e4   0x00000008   Code   RO          663    .text.SetSysClock   system_stm32f10x.o
    0x080016ec   0x080016ec   0x000000be   Code   RO          667    .text.SetSysClockTo72  system_stm32f10x.o
    0x080017aa   0x080017aa   0x00000002   PAD
    0x080017ac   0x080017ac   0x00000032   Code   RO          105    .text.Set_Pin_Input  ds18b20.o
    0x080017de   0x080017de   0x00000002   PAD
    0x080017e0   0x080017e0   0x0000002a   Code   RO          103    .text.Set_Pin_Output  ds18b20.o
    0x0800180a   0x0800180a   0x00000002   PAD
    0x0800180c   0x0800180c   0x0000002e   Code   RO          637    .text.SysTick_Handler  port.o
    0x0800183a   0x0800183a   0x00000002   PAD
    0x0800183c   0x0800183c   0x00000056   Code   RO          661    .text.SystemInit    system_stm32f10x.o
    0x08001892   0x08001892   0x00000002   PAD
    0x08001894   0x08001894   0x0000001e   Code   RO          121    .text.TIM2_IRQHandler  tim2.o
    0x080018b2   0x080018b2   0x00000002   PAD
    0x080018b4   0x080018b4   0x00000020   Code   RO           77    .text.UART1_Send_1byte  uart.o
    0x080018d4   0x080018d4   0x00000022   Code   RO           81    .text.UART1_Send_String  uart.o
    0x080018f6   0x080018f6   0x00000002   PAD
    0x080018f8   0x080018f8   0x0000006c   Code   RO           73    .text.UART1_init    uart.o
    0x08001964   0x08001964   0x00000020   Code   RO           79    .text.UART2_Send_1byte  uart.o
    0x08001984   0x08001984   0x00000022   Code   RO           87    .text.UART2_Send_String  uart.o
    0x080019a6   0x080019a6   0x00000002   PAD
    0x080019a8   0x080019a8   0x00000072   Code   RO           75    .text.UART2_init    uart.o
    0x08001a1a   0x08001a1a   0x00000002   PAD
    0x08001a1c   0x08001a1c   0x00000002   Code   RO           89    .text.USART1_IRQHandler  uart.o
    0x08001a1e   0x08001a1e   0x00000002   PAD
    0x08001a20   0x08001a20   0x00000002   Code   RO           91    .text.USART2_IRQHandler  uart.o
    0x08001a22   0x08001a22   0x00000002   PAD
    0x08001a24   0x08001a24   0x0000003a   Code   RO           50    .text.adc_get_pa0   adc.o
    0x08001a5e   0x08001a5e   0x00000002   PAD
    0x08001a60   0x08001a60   0x00000094   Code   RO           48    .text.adc_get_temp_ss  adc.o
    0x08001af4   0x08001af4   0x000000aa   Code   RO           46    .text.adc_init      adc.o
    0x08001b9e   0x08001b9e   0x00000002   PAD
    0x08001ba0   0x08001ba0   0x00000062   Code   RO            6    .text.func_2        main.o
    0x08001c02   0x08001c02   0x00000002   PAD
    0x08001c04   0x08001c04   0x00000170   Code   RO            8    .text.func_3        main.o
    0x08001d74   0x08001d74   0x0000001a   Code   RO           64    .text.led_control   led.o
    0x08001d8e   0x08001d8e   0x00000002   PAD
    0x08001d90   0x08001d90   0x0000002a   Code   RO           60    .text.leds_init     led.o
    0x08001dba   0x08001dba   0x00000002   PAD
    0x08001dbc   0x08001dbc   0x00000006   Code   RO           18    .text.main          main.o
    0x08001dc2   0x08001dc2   0x00000002   PAD
    0x08001dc4   0x08001dc4   0x0000009c   Code   RO          373    .text.prvAddCurrentTaskToDelayedList  tasks.o
    0x08001e60   0x08001e60   0x000000cc   Code   RO          359    .text.prvAddNewTaskToReadyList  tasks.o
    0x08001f2c   0x08001f2c   0x0000007c   Code   RO          511    .text.prvCheckForValidListAndQueue  timers.o
    0x08001fa8   0x08001fa8   0x0000004e   Code   RO          477    .text.prvCheckTasksWaitingTermination  tasks.o
    0x08001ff6   0x08001ff6   0x00000002   PAD
    0x08001ff8   0x08001ff8   0x00000026   Code   RO          250    .text.prvCopyDataFromQueue  queue.o
    0x0800201e   0x0800201e   0x00000002   PAD
    0x08002020   0x08002020   0x0000007a   Code   RO          238    .text.prvCopyDataToQueue  queue.o
    0x0800209a   0x0800209a   0x00000002   PAD
    0x0800209c   0x0800209c   0x00000036   Code   RO          367    .text.prvDeleteTCB  tasks.o
    0x080020d2   0x080020d2   0x00000002   PAD
    0x080020d4   0x080020d4   0x00000012   Code   RO          254    .text.prvGetDisinheritPriorityAfterTimeout  queue.o
    0x080020e6   0x080020e6   0x00000002   PAD
    0x080020e8   0x080020e8   0x00000020   Code   RO          551    .text.prvGetNextExpireTime  timers.o
    0x08002108   0x08002108   0x0000006a   Code   RO          586    .text.prvHeapInit   heap_4.o
    0x08002172   0x08002172   0x00000002   PAD
    0x08002174   0x08002174   0x0000002a   Code   RO          399    .text.prvIdleTask   tasks.o
    0x0800219e   0x0800219e   0x00000002   PAD
    0x080021a0   0x080021a0   0x00000020   Code   RO          218    .text.prvInitialiseMutex  queue.o
    0x080021c0   0x080021c0   0x00000020   Code   RO          212    .text.prvInitialiseNewQueue  queue.o
    0x080021e0   0x080021e0   0x00000096   Code   RO          357    .text.prvInitialiseNewTask  tasks.o
    0x08002276   0x08002276   0x00000002   PAD
    0x08002278   0x08002278   0x00000052   Code   RO          517    .text.prvInitialiseNewTimer  timers.o
    0x080022ca   0x080022ca   0x00000002   PAD
    0x080022cc   0x080022cc   0x00000070   Code   RO          475    .text.prvInitialiseTaskLists  tasks.o
    0x0800233c   0x0800233c   0x0000005a   Code   RO          588    .text.prvInsertBlockIntoFreeList  heap_4.o
    0x08002396   0x08002396   0x00000002   PAD
    0x08002398   0x08002398   0x00000040   Code   RO          565    .text.prvInsertTimerInActiveList  timers.o
    0x080023d8   0x080023d8   0x00000018   Code   RO          252    .text.prvIsQueueEmpty  queue.o
    0x080023f0   0x080023f0   0x0000001c   Code   RO          240    .text.prvIsQueueFull  queue.o
    0x0800240c   0x0800240c   0x00000020   Code   RO          627    .text.prvPortStartFirstTask  port.o
    0x0800242c   0x0800242c   0x0000003e   Code   RO          559    .text.prvProcessExpiredTimer  timers.o
    0x0800246a   0x0800246a   0x00000002   PAD
    0x0800246c   0x0800246c   0x00000112   Code   RO          555    .text.prvProcessReceivedCommands  timers.o
    0x0800257e   0x0800257e   0x00000002   PAD
    0x08002580   0x08002580   0x00000080   Code   RO          553    .text.prvProcessTimerOrBlockTask  timers.o
    0x08002600   0x08002600   0x0000003a   Code   RO          563    .text.prvReloadTimer  timers.o
    0x0800263a   0x0800263a   0x00000002   PAD
    0x0800263c   0x0800263c   0x00000026   Code   RO          365    .text.prvResetNextTaskUnblockTime  tasks.o
    0x08002662   0x08002662   0x00000002   PAD
    0x08002664   0x08002664   0x0000002a   Code   RO          557    .text.prvSampleTimeNow  timers.o
    0x0800268e   0x0800268e   0x00000002   PAD
    0x08002690   0x08002690   0x00000034   Code   RO          561    .text.prvSwitchTimerLists  timers.o
    0x080026c4   0x080026c4   0x00000032   Code   RO          619    .text.prvTaskExitError  port.o
    0x080026f6   0x080026f6   0x00000002   PAD
    0x080026f8   0x080026f8   0x00000016   Code   RO          513    .text.prvTimerTask  timers.o
    0x0800270e   0x0800270e   0x00000002   PAD
    0x08002710   0x08002710   0x00000072   Code   RO          242    .text.prvUnlockQueue  queue.o
    0x08002782   0x08002782   0x00000002   PAD
    0x08002784   0x08002784   0x00000118   Code   RO          584    .text.pvPortMalloc  heap_4.o
    0x0800289c   0x0800289c   0x00000018   Code   RO          459    .text.pvTaskIncrementMutexHeldCount  tasks.o
    0x080028b4   0x080028b4   0x00000020   Code   RO          617    .text.pxPortInitialiseStack  port.o
    0x080028d4   0x080028d4   0x00000144   Code   RO           16    .text.setup         main.o
    0x08002a18   0x08002a18   0x00000020   Code   RO          129    .text.tim2_delay    tim2.o
    0x08002a38   0x08002a38   0x00000018   Code   RO          125    .text.tim2_delay_1us  tim2.o
    0x08002a50   0x08002a50   0x00000016   Code   RO          127    .text.tim2_delay_us  tim2.o
    0x08002a66   0x08002a66   0x00000002   PAD
    0x08002a68   0x08002a68   0x00000044   Code   RO          123    .text.tim2_init     tim2.o
    0x08002aac   0x08002aac   0x00000034   Code   RO           85    .text.uart2_printf  uart.o
    0x08002ae0   0x08002ae0   0x00000034   Code   RO           83    .text.uart_printf   uart.o
    0x08002b14   0x08002b14   0x00000024   Code   RO          198    .text.uxListRemove  list.o
    0x08002b38   0x08002b38   0x00000026   Code   RO          262    .text.uxQueueMessagesWaiting  queue.o
    0x08002b5e   0x08002b5e   0x00000002   PAD
    0x08002b60   0x08002b60   0x0000000c   Code   RO          409    .text.uxTaskGetNumberOfTasks  tasks.o
    0x08002b6c   0x08002b6c   0x0000001a   Code   RO          457    .text.uxTaskResetEventItemValue  tasks.o
    0x08002b86   0x08002b86   0x00000002   PAD
    0x08002b88   0x08002b88   0x0000001a   Code   RO            4    .text.vApplicationGetIdleTaskMemory  main.o
    0x08002ba2   0x08002ba2   0x00000002   PAD
    0x08002ba4   0x08002ba4   0x0000001c   Code   RO            2    .text.vApplicationGetTimerTaskMemory  main.o
    0x08002bc0   0x08002bc0   0x00000016   Code   RO          190    .text.vListInitialise  list.o
    0x08002bd6   0x08002bd6   0x00000002   PAD
    0x08002bd8   0x08002bd8   0x00000006   Code   RO          192    .text.vListInitialiseItem  list.o
    0x08002bde   0x08002bde   0x00000002   PAD
    0x08002be0   0x08002be0   0x0000003a   Code   RO          196    .text.vListInsert   list.o
    0x08002c1a   0x08002c1a   0x00000002   PAD
    0x08002c1c   0x08002c1c   0x000000d4   Code   RO           12    .text.vMinuteTimerCallback  main.o
    0x08002cf0   0x08002cf0   0x00000046   Code   RO          631    .text.vPortEnterCritical  port.o
    0x08002d36   0x08002d36   0x00000002   PAD
    0x08002d38   0x08002d38   0x0000002e   Code   RO          633    .text.vPortExitCritical  port.o
    0x08002d66   0x08002d66   0x00000002   PAD
    0x08002d68   0x08002d68   0x0000007a   Code   RO          590    .text.vPortFree     heap_4.o
    0x08002de2   0x08002de2   0x00000002   PAD
    0x08002de4   0x08002de4   0x0000001e   Code   RO          625    .text.vPortSetupTimerInterrupt  port.o
    0x08002e02   0x08002e02   0x00000002   PAD
    0x08002e04   0x08002e04   0x00000062   Code   RO          639    .text.vPortValidateInterruptPriority  port.o
    0x08002e66   0x08002e66   0x00000002   PAD
    0x08002e68   0x08002e68   0x0000005e   Code   RO          282    .text.vQueueAddToRegistry  queue.o
    0x08002ec6   0x08002ec6   0x00000002   PAD
    0x08002ec8   0x08002ec8   0x00000044   Code   RO          286    .text.vQueueWaitForMessageRestricted  queue.o
    0x08002f0c   0x08002f0c   0x00000054   Code   RO          377    .text.vTaskDelay    tasks.o
    0x08002f60   0x08002f60   0x0000001a   Code   RO          431    .text.vTaskInternalSetTimeOutState  tasks.o
    0x08002f7a   0x08002f7a   0x00000002   PAD
    0x08002f7c   0x08002f7c   0x0000000e   Code   RO          435    .text.vTaskMissedYield  tasks.o
    0x08002f8a   0x08002f8a   0x00000002   PAD
    0x08002f8c   0x08002f8c   0x00000032   Code   RO          419    .text.vTaskPlaceOnEventList  tasks.o
    0x08002fbe   0x08002fbe   0x00000002   PAD
    0x08002fc0   0x08002fc0   0x0000006e   Code   RO          423    .text.vTaskPlaceOnEventListRestricted  tasks.o
    0x0800302e   0x0800302e   0x00000002   PAD
    0x08003030   0x08003030   0x0000008a   Code   RO          421    .text.vTaskPlaceOnUnorderedEventList  tasks.o
    0x080030ba   0x080030ba   0x00000002   PAD
    0x080030bc   0x080030bc   0x000000b8   Code   RO          455    .text.vTaskPriorityDisinheritAfterTimeout  tasks.o
    0x08003174   0x08003174   0x000000f2   Code   RO          427    .text.vTaskRemoveFromUnorderedEventList  tasks.o
    0x08003266   0x08003266   0x00000002   PAD
    0x08003268   0x08003268   0x000000b0   Code   RO          397    .text.vTaskStartScheduler  tasks.o
    0x08003318   0x08003318   0x00000010   Code   RO          371    .text.vTaskSuspendAll  tasks.o
    0x08003328   0x08003328   0x0000009a   Code   RO          389    .text.vTaskSwitchContext  tasks.o
    0x080033c2   0x080033c2   0x00000002   PAD
    0x080033c4   0x080033c4   0x00000098   Code   RO           14    .text.vThirtySecondTimerCallback  main.o
    0x0800345c   0x0800345c   0x0000001c   Code   RO          154    .text.xEventGroupCreate  event_groups.o
    0x08003478   0x08003478   0x0000009e   Code   RO          158    .text.xEventGroupSetBits  event_groups.o
    0x08003516   0x08003516   0x00000002   PAD
    0x08003518   0x08003518   0x000000dc   Code   RO          156    .text.xEventGroupSync  event_groups.o
    0x080035f4   0x080035f4   0x000000ba   Code   RO          623    .text.xPortStartScheduler  port.o
    0x080036ae   0x080036ae   0x00000002   PAD
    0x080036b0   0x080036b0   0x00000016   Code   RO          216    .text.xQueueCreateMutex  queue.o
    0x080036c6   0x080036c6   0x00000002   PAD
    0x080036c8   0x080036c8   0x0000005a   Code   RO          214    .text.xQueueGenericCreate  queue.o
    0x08003722   0x08003722   0x00000002   PAD
    0x08003724   0x08003724   0x0000006e   Code   RO          210    .text.xQueueGenericCreateStatic  queue.o
    0x08003792   0x08003792   0x00000002   PAD
    0x08003794   0x08003794   0x000000b2   Code   RO          208    .text.xQueueGenericReset  queue.o
    0x08003846   0x08003846   0x00000002   PAD
    0x08003848   0x08003848   0x000001a2   Code   RO          228    .text.xQueueGenericSend  queue.o
    0x080039ea   0x080039ea   0x00000002   PAD
    0x080039ec   0x080039ec   0x0000011a   Code   RO          244    .text.xQueueGenericSendFromISR  queue.o
    0x08003b06   0x08003b06   0x00000002   PAD
    0x08003b08   0x08003b08   0x00000184   Code   RO          248    .text.xQueueReceive  queue.o
    0x08003c8c   0x08003c8c   0x000001aa   Code   RO          232    .text.xQueueSemaphoreTake  queue.o
    0x08003e36   0x08003e36   0x00000002   PAD
    0x08003e38   0x08003e38   0x0000008c   Code   RO          433    .text.xTaskCheckForTimeOut  tasks.o
    0x08003ec4   0x08003ec4   0x0000006c   Code   RO          361    .text.xTaskCreate   tasks.o
    0x08003f30   0x08003f30   0x0000009e   Code   RO          355    .text.xTaskCreateStatic  tasks.o
    0x08003fce   0x08003fce   0x00000002   PAD
    0x08003fd0   0x08003fd0   0x00000026   Code   RO          449    .text.xTaskGetSchedulerState  tasks.o
    0x08003ff6   0x08003ff6   0x00000002   PAD
    0x08003ff8   0x08003ff8   0x0000000c   Code   RO          405    .text.xTaskGetTickCount  tasks.o
    0x08004004   0x08004004   0x000001a6   Code   RO          403    .text.xTaskIncrementTick  tasks.o
    0x080041aa   0x080041aa   0x00000002   PAD
    0x080041ac   0x080041ac   0x000000a6   Code   RO          453    .text.xTaskPriorityDisinherit  tasks.o
    0x08004252   0x08004252   0x00000002   PAD
    0x08004254   0x08004254   0x000000a6   Code   RO          451    .text.xTaskPriorityInherit  tasks.o
    0x080042fa   0x080042fa   0x00000002   PAD
    0x080042fc   0x080042fc   0x000000ee   Code   RO          425    .text.xTaskRemoveFromEventList  tasks.o
    0x080043ea   0x080043ea   0x00000002   PAD
    0x080043ec   0x080043ec   0x0000016c   Code   RO          375    .text.xTaskResumeAll  tasks.o
    0x08004558   0x08004558   0x00000038   Code   RO          515    .text.xTimerCreate  timers.o
    0x08004590   0x08004590   0x00000074   Code   RO          509    .text.xTimerCreateTimerTask  timers.o
    0x08004604   0x08004604   0x00000068   Code   RO          521    .text.xTimerGenericCommand  timers.o
    0x0800466c   0x0800466c   0x0000003e   Code   RO          900    CL$$btod_d2e        c_w.l(btod.o)
    0x080046aa   0x080046aa   0x00000046   Code   RO          902    CL$$btod_d2e_denorm_low  c_w.l(btod.o)
    0x080046f0   0x080046f0   0x00000060   Code   RO          901    CL$$btod_d2e_norm_op1  c_w.l(btod.o)
    0x08004750   0x08004750   0x00000338   Code   RO          910    CL$$btod_div_common  c_w.l(btod.o)
    0x08004a88   0x08004a88   0x000000dc   Code   RO          907    CL$$btod_e2e        c_w.l(btod.o)
    0x08004b64   0x08004b64   0x0000002a   Code   RO          904    CL$$btod_ediv       c_w.l(btod.o)
    0x08004b8e   0x08004b8e   0x0000002a   Code   RO          903    CL$$btod_emul       c_w.l(btod.o)
    0x08004bb8   0x08004bb8   0x00000244   Code   RO          909    CL$$btod_mult_common  c_w.l(btod.o)
    0x08004dfc   0x08004dfc   0x00000028   Code   RO          937    i.__ARM_fpclassify  m_ws.l(fpclassify.o)
    0x08004e24   0x08004e24   0x0000000e   Code   RO          791    i._is_digit         c_w.l(__printf_wp.o)
    0x08004e32   0x08004e32   0x00000002   PAD
    0x08004e34   0x08004e34   0x0000002c   Code   RO          925    locale$$code        c_w.l(lc_numeric_c.o)
    0x08004e60   0x08004e60   0x0000002c   Code   RO          947    locale$$code        c_w.l(lc_ctype_c.o)
    0x08004e8c   0x08004e8c   0x00000062   Code   RO          698    x$fpl$d2f           fz_ws.l(d2f.o)
    0x08004eee   0x08004eee   0x00000002   PAD
    0x08004ef0   0x08004ef0   0x00000150   Code   RO          700    x$fpl$dadd          fz_ws.l(daddsub_clz.o)
    0x08005040   0x08005040   0x000002b4   Code   RO          707    x$fpl$ddiv          fz_ws.l(ddiv.o)
    0x080052f4   0x080052f4   0x0000002e   Code   RO          711    x$fpl$dflt          fz_ws.l(dflt_clz.o)
    0x08005322   0x08005322   0x00000002   PAD
    0x08005324   0x08005324   0x00000154   Code   RO          716    x$fpl$dmul          fz_ws.l(dmul.o)
    0x08005478   0x08005478   0x0000009c   Code   RO          826    x$fpl$dnaninf       fz_ws.l(dnaninf.o)
    0x08005514   0x08005514   0x0000000c   Code   RO          828    x$fpl$dretinf       fz_ws.l(dretinf.o)
    0x08005520   0x08005520   0x000001dc   Code   RO          702    x$fpl$dsub          fz_ws.l(daddsub_clz.o)
    0x080056fc   0x080056fc   0x00000056   Code   RO          718    x$fpl$f2d           fz_ws.l(f2d.o)
    0x08005752   0x08005752   0x00000002   PAD
    0x08005754   0x08005754   0x000000c4   Code   RO          720    x$fpl$fadd          fz_ws.l(faddsub_clz.o)
    0x08005818   0x08005818   0x00000054   Code   RO          726    x$fpl$fcmp          fz_ws.l(fcmp.o)
    0x0800586c   0x0800586c   0x00000018   Code   RO          884    x$fpl$fcmpinf       fz_ws.l(fcmpi.o)
    0x08005884   0x08005884   0x00000184   Code   RO          729    x$fpl$fdiv          fz_ws.l(fdiv.o)
    0x08005a08   0x08005a08   0x00000068   Code   RO          830    x$fpl$feqf          fz_ws.l(feqf.o)
    0x08005a70   0x08005a70   0x00000068   Code   RO          832    x$fpl$fgeqf         fz_ws.l(fgeqf.o)
    0x08005ad8   0x08005ad8   0x00000068   Code   RO          834    x$fpl$fleqf         fz_ws.l(fleqf.o)
    0x08005b40   0x08005b40   0x0000008c   Code   RO          836    x$fpl$fnaninf       fz_ws.l(fnaninf.o)
    0x08005bcc   0x08005bcc   0x0000000a   Code   RO          838    x$fpl$fretinf       fz_ws.l(fretinf.o)
    0x08005bd6   0x08005bd6   0x00000002   PAD
    0x08005bd8   0x08005bd8   0x000000ea   Code   RO          722    x$fpl$fsub          fz_ws.l(faddsub_clz.o)
    0x08005cc2   0x08005cc2   0x00000004   Code   RO          840    x$fpl$printf1       fz_ws.l(printf1.o)
    0x08005cc6   0x08005cc6   0x00000004   Code   RO          842    x$fpl$printf2       fz_ws.l(printf2.o)
    0x08005cca   0x08005cca   0x00000000   Code   RO          848    x$fpl$usenofp       fz_ws.l(usenofp.o)
    0x08005cca   0x08005cca   0x00000002   PAD
    0x08005ccc   0x08005ccc   0x00000008   Data   RO          750    .constdata          c_w.l(_printf_wctomb.o)
    0x08005cd4   0x08005cd4   0x00000028   Data   RO          779    .constdata          c_w.l(_printf_hex_int_ll_ptr.o)
    0x08005cfc   0x08005cfc   0x00000011   Data   RO          799    .constdata          c_w.l(__printf_flags_ss_wp.o)
    0x08005d0d   0x08005d0d   0x00000026   Data   RO          873    .constdata          c_w.l(_printf_fp_hex.o)
    0x08005d33   0x08005d33   0x00000001   PAD
    0x08005d34   0x08005d34   0x00000094   Data   RO          898    .constdata          c_w.l(bigflt0.o)
    0x08005dc8   0x08005dc8   0x00000050   Data   RO           34    .rodata.str1.1      main.o
    0x08005e18   0x08005e18   0x00000004   Data   RO          480    .rodata.uxTopUsedPriority  tasks.o
    0x08005e1c   0x08005e1c   0x00000020   Data   RO         1082    Region$$Table       anon$$obj.o
    0x08005e3c   0x08005e3c   0x0000001c   Data   RO          924    locale$$data        c_w.l(lc_numeric_c.o)
    0x08005e58   0x08005e58   0x00000110   Data   RO          946    locale$$data        c_w.l(lc_ctype_c.o)


    Execution Region ER_RW (Exec base: 0x20000000, Load base: 0x08005f68, Size: 0x00000004, Max: 0xffffffff, ABSOLUTE)

    Exec Addr    Load Addr    Size         Type   Attr      Idx    E Section Name        Object

    0x20000000   0x08005f68   0x00000004   Data   RW          643    .data.uxCriticalNesting  port.o


    Execution Region ER_ZI (Exec base: 0x20000008, Load base: 0x08005f6c, Size: 0x00003be0, Max: 0xffffffff, ABSOLUTE)

    Exec Addr    Load Addr    Size         Type   Attr      Idx    E Section Name        Object

    0x20000008        -       0x00000060   Zero   RW          940    .bss                c_w.l(libspace.o)
    0x20000068        -       0x00000004   Zero   RW           22    .bss.cur_temp       main.o
    0x2000006c        -       0x00000004   Zero   RW           29    .bss.device_temp    main.o
    0x20000070        -       0x00000004   Zero   RW           24    .bss.mq2_value      main.o
    0x20000074        -       0x00000004   Zero   RW           31    .bss.process_queue  main.o
    0x20000078        -       0x000000a0   Zero   RW          575    .bss.prvCheckForValidListAndQueue.ucStaticTimerQueueStorage  timers.o
    0x20000118        -       0x00000050   Zero   RW          574    .bss.prvCheckForValidListAndQueue.xStaticTimerQueue  timers.o
    0x20000168        -       0x00000004   Zero   RW          571    .bss.prvSampleTimeNow.xLastTime  timers.o
    0x2000016c        -       0x00000004   Zero   RW          479    .bss.pxCurrentTCB   tasks.o
    0x20000170        -       0x00000004   Zero   RW          569    .bss.pxCurrentTimerList  timers.o
    0x20000174        -       0x00000004   Zero   RW          488    .bss.pxDelayedTaskList  tasks.o
    0x20000178        -       0x00000004   Zero   RW          602    .bss.pxEnd          heap_4.o
    0x2000017c        -       0x00000004   Zero   RW          489    .bss.pxOverflowDelayedTaskList  tasks.o
    0x20000180        -       0x00000004   Zero   RW          570    .bss.pxOverflowTimerList  timers.o
    0x20000184        -       0x00000460   Zero   RW          491    .bss.pxReadyTasksLists  tasks.o
    0x200005e4        -       0x00000008   Zero   RW           30    .bss.room           main.o
    0x200005ec        -       0x00000004   Zero   RW           20    .bss.task_2         main.o
    0x200005f0        -       0x00000004   Zero   RW           21    .bss.task_3         main.o
    0x200005f4        -       0x00000004   Zero   RW           23    .bss.temp_average   main.o
    0x200005f8        -       0x00000004   Zero   RW           32    .bss.temp_event     main.o
    0x200005fc        -       0x00000004   Zero   RW          131    .bss.tim2_cnt       tim2.o
    0x20000600        -       0x00000004   Zero   RW           33    .bss.uart_lock      main.o
    0x20000604        -       0x00002800   Zero   RW          608    .bss.ucHeap         heap_4.o
    0x20002e04        -       0x00000001   Zero   RW          641    .bss.ucMaxSysCallPriority  port.o
    0x20002e05   0x08005f6c   0x00000003   PAD
    0x20002e08        -       0x00000004   Zero   RW          642    .bss.ulMaxPRIGROUPValue  port.o
    0x20002e0c        -       0x00000004   Zero   RW          484    .bss.uxCurrentNumberOfTasks  tasks.o
    0x20002e10        -       0x00000004   Zero   RW          483    .bss.uxDeletedTasksWaitingCleanUp  tasks.o
    0x20002e14        -       0x00000004   Zero   RW          486    .bss.uxSchedulerSuspended  tasks.o
    0x20002e18        -       0x00000004   Zero   RW          481    .bss.uxTaskNumber   tasks.o
    0x20002e1c        -       0x00000004   Zero   RW          492    .bss.uxTopReadyPriority  tasks.o
    0x20002e20        -       0x00000200   Zero   RW           28    .bss.vApplicationGetIdleTaskMemory.uxIdleTaskStack  main.o
    0x20003020        -       0x0000005c   Zero   RW           27    .bss.vApplicationGetIdleTaskMemory.xIdleTaskTCB  main.o
    0x2000307c        -       0x00000400   Zero   RW           26    .bss.vApplicationGetTimerTaskMemory.uxTimerTaskStack  main.o
    0x2000347c        -       0x0000005c   Zero   RW           25    .bss.vApplicationGetTimerTaskMemory.xTimerTaskTCB  main.o
    0x200034d8        -       0x00000014   Zero   RW          572    .bss.xActiveTimerList1  timers.o
    0x200034ec        -       0x00000014   Zero   RW          573    .bss.xActiveTimerList2  timers.o
    0x20003500        -       0x00000014   Zero   RW          499    .bss.xDelayedTaskList1  tasks.o
    0x20003514        -       0x00000014   Zero   RW          500    .bss.xDelayedTaskList2  tasks.o
    0x20003528        -       0x00000004   Zero   RW          603    .bss.xFreeBytesRemaining  heap_4.o
    0x2000352c        -       0x00000004   Zero   RW          495    .bss.xIdleTaskHandle  tasks.o
    0x20003530        -       0x00000004   Zero   RW          605    .bss.xMinimumEverFreeBytesRemaining  heap_4.o
    0x20003534        -       0x00000004   Zero   RW           35    .bss.xMinuteTimer   main.o
    0x20003538        -       0x00000004   Zero   RW          496    .bss.xNextTaskUnblockTime  tasks.o
    0x2000353c        -       0x00000004   Zero   RW          498    .bss.xNumOfOverflows  tasks.o
    0x20003540        -       0x00000004   Zero   RW          606    .bss.xNumberOfSuccessfulAllocations  heap_4.o
    0x20003544        -       0x00000004   Zero   RW          607    .bss.xNumberOfSuccessfulFrees  heap_4.o
    0x20003548        -       0x00000004   Zero   RW          497    .bss.xPendedTicks   tasks.o
    0x2000354c        -       0x00000014   Zero   RW          494    .bss.xPendingReadyList  tasks.o
    0x20003560        -       0x00000040   Zero   RW          288    .bss.xQueueRegistry  queue.o
    0x200035a0        -       0x00000004   Zero   RW          485    .bss.xSchedulerRunning  tasks.o
    0x200035a4        -       0x00000008   Zero   RW          604    .bss.xStart         heap_4.o
    0x200035ac        -       0x00000014   Zero   RW          490    .bss.xSuspendedTaskList  tasks.o
    0x200035c0        -       0x00000014   Zero   RW          482    .bss.xTasksWaitingTermination  tasks.o
    0x200035d4        -       0x00000004   Zero   RW           36    .bss.xThirtySecondTimer  main.o
    0x200035d8        -       0x00000004   Zero   RW          487    .bss.xTickCount     tasks.o
    0x200035dc        -       0x00000004   Zero   RW          567    .bss.xTimerQueue    timers.o
    0x200035e0        -       0x00000004   Zero   RW          568    .bss.xTimerTaskHandle  timers.o
    0x200035e4        -       0x00000004   Zero   RW          493    .bss.xYieldPending  tasks.o
    0x200035e8        -       0x00000200   Zero   RW          652    HEAP                startup_stm32f10x_md.o
    0x200037e8        -       0x00000400   Zero   RW          651    STACK               startup_stm32f10x_md.o


==============================================================================

Image component sizes


      Code (inc. data)   RO Data    RW Data    ZI Data      Debug   Object Name

       376          0          0          0          0       2025   adc.o
       398          0          0          0          0       2257   ds18b20.o
       406          0          0          0          0       9554   event_groups.o
       598          0          0          0      10268       4860   heap_4.o
        68          0          0          0          0       1293   led.o
       122          0          0          0          0       2117   list.o
      1214        220         80          0       1772       4508   main.o
       694         12          0          4          5       3624   port.o
      2522          0          0          0         64      24193   queue.o
        64         26        236          0       1536        832   startup_stm32f10x_md.o
       284          0          0          0          0       2866   system_stm32f10x.o
      3902          8          4          0       1280      32839   tasks.o
       176          0          0          0          4       3027   tim2.o
      1216         26          0          0        300      14608   timers.o
       462          0          0          0          0       3496   uart.o

    ----------------------------------------------------------------------
     12660        304        352          4      15232     112099   Object Totals
         0          0         32          0          0          0   (incl. Generated)
       158         12          0          0          3          0   (incl. Padding)

    ----------------------------------------------------------------------

      Code (inc. data)   RO Data    RW Data    ZI Data      Debug   Library Member Name

         8          0          0          0          0         68   __main.o
       392          4         17          0          0         92   __printf_flags_ss_wp.o
        14          0          0          0          0         68   __printf_wp.o
         0          0          0          0          0          0   __rtentry.o
        12          0          0          0          0          0   __rtentry2.o
         6          0          0          0          0          0   __rtentry4.o
        52          8          0          0          0          0   __scatter.o
        26          0          0          0          0          0   __scatter_copy.o
        28          0          0          0          0          0   __scatter_zi.o
        72          0          0          0          0         96   _c16rtomb.o
         6          0          0          0          0          0   _printf_a.o
         6          0          0          0          0          0   _printf_c.o
        44          0          0          0          0        108   _printf_char.o
        48          6          0          0          0         96   _printf_char_common.o
        40          0          0          0          0         68   _printf_charcount.o
         6          0          0          0          0          0   _printf_d.o
       120         16          0          0          0         92   _printf_dec.o
         6          0          0          0          0          0   _printf_e.o
         6          0          0          0          0          0   _printf_f.o
      1052          0          0          0          0        148   _printf_fp_dec.o
       764          8         38          0          0        100   _printf_fp_hex.o
       128         16          0          0          0         84   _printf_fp_infnan.o
         6          0          0          0          0          0   _printf_g.o
       148          4         40          0          0        160   _printf_hex_int_ll_ptr.o
         6          0          0          0          0          0   _printf_i.o
       178          0          0          0          0         88   _printf_intcommon.o
        10          0          0          0          0          0   _printf_l.o
         6          0          0          0          0          0   _printf_lc.o
        10          0          0          0          0          0   _printf_ll.o
         6          0          0          0          0          0   _printf_lld.o
         6          0          0          0          0          0   _printf_lli.o
         6          0          0          0          0          0   _printf_llo.o
         6          0          0          0          0          0   _printf_llu.o
         6          0          0          0          0          0   _printf_llx.o
       124         16          0          0          0         92   _printf_longlong_dec.o
         6          0          0          0          0          0   _printf_ls.o
         6          0          0          0          0          0   _printf_n.o
         6          0          0          0          0          0   _printf_o.o
       112          8          0          0          0        124   _printf_oct_int_ll.o
         6          0          0          0          0          0   _printf_p.o
        78          0          0          0          0        108   _printf_pad.o
         0          0          0          0          0          0   _printf_percent.o
         4          0          0          0          0          0   _printf_percent_end.o
         6          0          0          0          0          0   _printf_s.o
        82          0          0          0          0         80   _printf_str.o
        36          0          0          0          0         84   _printf_truncate.o
         6          0          0          0          0          0   _printf_u.o
        44          0          0          0          0        108   _printf_wchar.o
       188          6          8          0          0         92   _printf_wctomb.o
         6          0          0          0          0          0   _printf_x.o
        10          0          0          0          0         68   _sputc.o
        16          0          0          0          0         68   aeabi_memset4.o
       228          4        148          0          0         96   bigflt0.o
      1936        128          0          0          0        668   btod.o
        18          0          0          0          0         80   exit.o
         6          0          0          0          0        152   heapauxi.o
         0          0          0          0          0          0   indicate_semi.o
        44         10        272          0          0         76   lc_ctype_c.o
        44         10         28          0          0         76   lc_numeric_c.o
         2          0          0          0          0          0   libinit.o
        30          0          0          0          0          0   libinit2.o
         2          0          0          0          0          0   libshutdown.o
         2          0          0          0          0          0   libshutdown2.o
         8          4          0          0         96         68   libspace.o
       138          0          0          0          0         80   lludiv10.o
        16          4          0          0          0         76   rt_ctype_table.o
         8          4          0          0          0         68   rt_locale_intlibspace.o
        68          0          0          0          0         68   rt_memclr.o
        78          0          0          0          0         80   rt_memclr_w.o
       138          0          0          0          0         68   rt_memcpy_v6.o
       100          0          0          0          0         80   rt_memcpy_w.o
         2          0          0          0          0          0   rtexit.o
        10          0          0          0          0          0   rtexit2.o
       128          0          0          0          0         68   strcmpv7m.o
        62          0          0          0          0         76   strlen.o
        12          4          0          0          0         68   sys_exit.o
        74          0          0          0          0         80   sys_stackheap_outer.o
         2          0          0          0          0         68   use_no_semi.o
        36          4          0          0          0         76   vsprintf.o
        98          4          0          0          0         92   d2f.o
       812         16          0          0          0        296   daddsub_clz.o
       692        140          0          0          0        216   ddiv.o
        46          0          0          0          0         68   dflt_clz.o
       340         12          0          0          0        104   dmul.o
       156          4          0          0          0         92   dnaninf.o
        12          0          0          0          0         68   dretinf.o
        86          4          0          0          0         84   f2d.o
       430          8          0          0          0        168   faddsub_clz.o
        84          0          0          0          0        196   fcmp.o
        24          0          0          0          0         68   fcmpi.o
       388         76          0          0          0         96   fdiv.o
       104          4          0          0          0         84   feqf.o
       104          4          0          0          0         84   fgeqf.o
       104          4          0          0          0         84   fleqf.o
       140          4          0          0          0         84   fnaninf.o
        10          0          0          0          0         68   fretinf.o
         4          0          0          0          0         68   printf1.o
         4          0          0          0          0         68   printf2.o
         0          0          0          0          0          0   usenofp.o
        40          0          0          0          0         68   fpclassify.o

    ----------------------------------------------------------------------
     10860        544        552          0         96       6420   Library Totals
        24          0          1          0          0          0   (incl. Padding)

    ----------------------------------------------------------------------

      Code (inc. data)   RO Data    RW Data    ZI Data      Debug   Library Name

      7158        264        551          0         96       4264   c_w.l
      3638        280          0          0          0       2088   fz_ws.l
        40          0          0          0          0         68   m_ws.l

    ----------------------------------------------------------------------
     10860        544        552          0         96       6420   Library Totals

    ----------------------------------------------------------------------

==============================================================================


      Code (inc. data)   RO Data    RW Data    ZI Data      Debug   

     23520        848        904          4      15328     114823   Grand Totals
     23520        848        904          4      15328     114823   ELF Image Totals
     23520        848        904          4          0          0   ROM Totals

==============================================================================

    Total RO  Size (Code + RO Data)                24424 (  23.85kB)
    Total RW  Size (RW Data + ZI Data)             15332 (  14.97kB)
    Total ROM Size (Code + RO Data + RW Data)      24428 (  23.86kB)

==============================================================================

